../Core/Src/ssd1306.c:9:6:ssd1306_Reset	4	static
../Core/Src/ssd1306.c:14:6:ssd1306_WriteCommand	32	static
../Core/Src/ssd1306.c:19:6:ssd1306_WriteData	32	static
../Core/Src/ssd1306.c:64:17:ssd1306_FillBuffer	24	static
../Core/Src/ssd1306.c:74:21:ssd1306_Init	8	static
../Core/Src/ssd1306.c:178:6:ssd1306_Fill	16	static
../Core/Src/ssd1306.c:183:31:ssd1306_UpdateScreen	16	static
../Core/Src/ssd1306.c:205:6:ssd1306_DrawPixel	16	static
../Core/Src/ssd1306.c:225:6:ssd1306_WriteChar	48	static
../Core/Src/ssd1306.c:260:6:ssd1306_WriteString	32	static
../Core/Src/ssd1306.c:274:23:ssd1306_SetCursor	16	static
../Core/Src/ssd1306.c:281:6:ssd1306_Line	48	static
../Core/Src/ssd1306.c:308:6:ssd1306_Polyline	40	static
../Core/Src/ssd1306.c:322:14:ssd1306_DegToRad	16	static
../Core/Src/ssd1306.c:327:17:ssd1306_NormalizeTo0_360	24	static
../Core/Src/ssd1306.c:343:6:ssd1306_DrawArc	64	static
../Core/Src/ssd1306.c:383:6:ssd1306_DrawArcWithRadiusLine	72	static
../Core/Src/ssd1306.c:426:6:ssd1306_DrawCircle	40	static
../Core/Src/ssd1306.c:461:6:ssd1306_FillCircle	48	static
../Core/Src/ssd1306.c:497:6:ssd1306_DrawRectangle	32	static
../Core/Src/ssd1306.c:507:6:ssd1306_FillRectangle	32	static
../Core/Src/ssd1306.c:521:17:ssd1306_InvertRectangle	32	static
../Core/Src/ssd1306.c:552:6:ssd1306_DrawBitmap	24	static
../Core/Src/ssd1306.c:576:6:ssd1306_SetContrast	24	static
../Core/Src/ssd1306.c:582:6:ssd1306_SetDisplayOn	24	static
../Core/Src/ssd1306.c:594:9:ssd1306_GetDisplayOn	4	static
