Archive member included to satisfy reference by file (symbol)

C:/ST/STM32CubeIDE_1.16.1/STM32CubeIDE/plugins/com.st.stm32cube.ide.mcu.externaltools.gnu-tools-for-stm32.12.3.rel1.win32_1.0.200.202406191623/tools/bin/../lib/gcc/arm-none-eabi/12.3.1/../../../../arm-none-eabi/lib/thumb/v7e-m+fp/hard\libc_nano.a(libc_a-exit.o)
                              C:/ST/STM32CubeIDE_1.16.1/STM32CubeIDE/plugins/com.st.stm32cube.ide.mcu.externaltools.gnu-tools-for-stm32.12.3.rel1.win32_1.0.200.202406191623/tools/bin/../lib/gcc/arm-none-eabi/12.3.1/../../../../arm-none-eabi/lib/thumb/v7e-m+fp/hard/crt0.o (exit)
C:/ST/STM32CubeIDE_1.16.1/STM32CubeIDE/plugins/com.st.stm32cube.ide.mcu.externaltools.gnu-tools-for-stm32.12.3.rel1.win32_1.0.200.202406191623/tools/bin/../lib/gcc/arm-none-eabi/12.3.1/../../../../arm-none-eabi/lib/thumb/v7e-m+fp/hard\libc_nano.a(libc_a-findfp.o)
                              C:/ST/STM32CubeIDE_1.16.1/STM32CubeIDE/plugins/com.st.stm32cube.ide.mcu.externaltools.gnu-tools-for-stm32.12.3.rel1.win32_1.0.200.202406191623/tools/bin/../lib/gcc/arm-none-eabi/12.3.1/../../../../arm-none-eabi/lib/thumb/v7e-m+fp/hard\libc_nano.a(libc_a-exit.o) (__stdio_exit_handler)
C:/ST/STM32CubeIDE_1.16.1/STM32CubeIDE/plugins/com.st.stm32cube.ide.mcu.externaltools.gnu-tools-for-stm32.12.3.rel1.win32_1.0.200.202406191623/tools/bin/../lib/gcc/arm-none-eabi/12.3.1/../../../../arm-none-eabi/lib/thumb/v7e-m+fp/hard\libc_nano.a(libc_a-fwalk.o)
                              C:/ST/STM32CubeIDE_1.16.1/STM32CubeIDE/plugins/com.st.stm32cube.ide.mcu.externaltools.gnu-tools-for-stm32.12.3.rel1.win32_1.0.200.202406191623/tools/bin/../lib/gcc/arm-none-eabi/12.3.1/../../../../arm-none-eabi/lib/thumb/v7e-m+fp/hard\libc_nano.a(libc_a-findfp.o) (_fwalk_sglue)
C:/ST/STM32CubeIDE_1.16.1/STM32CubeIDE/plugins/com.st.stm32cube.ide.mcu.externaltools.gnu-tools-for-stm32.12.3.rel1.win32_1.0.200.202406191623/tools/bin/../lib/gcc/arm-none-eabi/12.3.1/../../../../arm-none-eabi/lib/thumb/v7e-m+fp/hard\libc_nano.a(libc_a-snprintf.o)
                              ./Core/SSD1306/Src/ssd1306_tests.o (snprintf)
C:/ST/STM32CubeIDE_1.16.1/STM32CubeIDE/plugins/com.st.stm32cube.ide.mcu.externaltools.gnu-tools-for-stm32.12.3.rel1.win32_1.0.200.202406191623/tools/bin/../lib/gcc/arm-none-eabi/12.3.1/../../../../arm-none-eabi/lib/thumb/v7e-m+fp/hard\libc_nano.a(libc_a-sprintf.o)
                              ./Core/Application/Src/main.o (sprintf)
C:/ST/STM32CubeIDE_1.16.1/STM32CubeIDE/plugins/com.st.stm32cube.ide.mcu.externaltools.gnu-tools-for-stm32.12.3.rel1.win32_1.0.200.202406191623/tools/bin/../lib/gcc/arm-none-eabi/12.3.1/../../../../arm-none-eabi/lib/thumb/v7e-m+fp/hard\libc_nano.a(libc_a-stdio.o)
                              C:/ST/STM32CubeIDE_1.16.1/STM32CubeIDE/plugins/com.st.stm32cube.ide.mcu.externaltools.gnu-tools-for-stm32.12.3.rel1.win32_1.0.200.202406191623/tools/bin/../lib/gcc/arm-none-eabi/12.3.1/../../../../arm-none-eabi/lib/thumb/v7e-m+fp/hard\libc_nano.a(libc_a-findfp.o) (__sread)
C:/ST/STM32CubeIDE_1.16.1/STM32CubeIDE/plugins/com.st.stm32cube.ide.mcu.externaltools.gnu-tools-for-stm32.12.3.rel1.win32_1.0.200.202406191623/tools/bin/../lib/gcc/arm-none-eabi/12.3.1/../../../../arm-none-eabi/lib/thumb/v7e-m+fp/hard\libc_nano.a(libc_a-memmove.o)
                              ./Core/SSD1306/Src/ssd1306_tests.o (memmove)
C:/ST/STM32CubeIDE_1.16.1/STM32CubeIDE/plugins/com.st.stm32cube.ide.mcu.externaltools.gnu-tools-for-stm32.12.3.rel1.win32_1.0.200.202406191623/tools/bin/../lib/gcc/arm-none-eabi/12.3.1/../../../../arm-none-eabi/lib/thumb/v7e-m+fp/hard\libc_nano.a(libc_a-memset.o)
                              C:/ST/STM32CubeIDE_1.16.1/STM32CubeIDE/plugins/com.st.stm32cube.ide.mcu.externaltools.gnu-tools-for-stm32.12.3.rel1.win32_1.0.200.202406191623/tools/bin/../lib/gcc/arm-none-eabi/12.3.1/../../../../arm-none-eabi/lib/thumb/v7e-m+fp/hard/crt0.o (memset)
C:/ST/STM32CubeIDE_1.16.1/STM32CubeIDE/plugins/com.st.stm32cube.ide.mcu.externaltools.gnu-tools-for-stm32.12.3.rel1.win32_1.0.200.202406191623/tools/bin/../lib/gcc/arm-none-eabi/12.3.1/../../../../arm-none-eabi/lib/thumb/v7e-m+fp/hard\libc_nano.a(libc_a-closer.o)
                              C:/ST/STM32CubeIDE_1.16.1/STM32CubeIDE/plugins/com.st.stm32cube.ide.mcu.externaltools.gnu-tools-for-stm32.12.3.rel1.win32_1.0.200.202406191623/tools/bin/../lib/gcc/arm-none-eabi/12.3.1/../../../../arm-none-eabi/lib/thumb/v7e-m+fp/hard\libc_nano.a(libc_a-stdio.o) (_close_r)
C:/ST/STM32CubeIDE_1.16.1/STM32CubeIDE/plugins/com.st.stm32cube.ide.mcu.externaltools.gnu-tools-for-stm32.12.3.rel1.win32_1.0.200.202406191623/tools/bin/../lib/gcc/arm-none-eabi/12.3.1/../../../../arm-none-eabi/lib/thumb/v7e-m+fp/hard\libc_nano.a(libc_a-reent.o)
[...]
Memory Configuration

Name             Origin             Length             Attributes
RAM              0x20000000         0x00018000         xrw
RAM2             0x10000000         0x00008000         xrw
FLASH            0x08000000         0x00100000         xr
*default*        0x00000000         0xffffffff

Linker script and memory map

LOAD C:/ST/STM32CubeIDE_1.16.1/STM32CubeIDE/plugins/com.st.stm32cube.ide.mcu.externaltools.gnu-tools-for-stm32.12.3.rel1.win32_1.0.200.202406191623/tools/bin/../lib/gcc/arm-none-eabi/12.3.1/thumb/v7e-m+fp/hard/crti.o
LOAD C:/ST/STM32CubeIDE_1.16.1/STM32CubeIDE/plugins/com.st.stm32cube.ide.mcu.externaltools.gnu-tools-for-stm32.12.3.rel1.win32_1.0.200.202406191623/tools/bin/../lib/gcc/arm-none-eabi/12.3.1/thumb/v7e-m+fp/hard/crtbegin.o
LOAD C:/ST/STM32CubeIDE_1.16.1/STM32CubeIDE/plugins/com.st.stm32cube.ide.mcu.externaltools.gnu-tools-for-stm32.12.3.rel1.win32_1.0.200.202406191623/tools/bin/../lib/gcc/arm-none-eabi/12.3.1/../../../../arm-none-eabi/lib/thumb/v7e-m+fp/hard/crt0.o
LOAD ./Core/7SegDisplay/Src/7seg.o
LOAD ./Core/Application/Src/main.o
LOAD ./Core/Application/Src/stm32l4xx_hal_msp.o
LOAD ./Core/Application/Src/stm32l4xx_it.o
LOAD ./Core/Application/Src/syscalls.o
LOAD ./Core/Application/Src/sysmem.o
LOAD ./Core/Application/Src/system_stm32l4xx.o
LOAD ./Core/Peripherals/ADC/adc.o
LOAD ./Core/Peripherals/GPIO/gpio.o
LOAD ./Core/Peripherals/I2C/i2c.o
LOAD ./Core/Peripherals/UART/usart.o
LOAD ./Core/SSD1306/Src/ssd1306.o
LOAD ./Core/SSD1306/Src/ssd1306_fonts.o
LOAD ./Core/SSD1306/Src/ssd1306_tests.o
LOAD ./Core/Startup/startup_stm32l476rgtx.o
LOAD ./Drivers/STM32L4xx_HAL_Driver/Src/stm32l4xx_hal.o
LOAD ./Drivers/STM32L4xx_HAL_Driver/Src/stm32l4xx_hal_adc.o
LOAD ./Drivers/STM32L4xx_HAL_Driver/Src/stm32l4xx_hal_adc_ex.o
LOAD ./Drivers/STM32L4xx_HAL_Driver/Src/stm32l4xx_hal_cortex.o
LOAD ./Drivers/STM32L4xx_HAL_Driver/Src/stm32l4xx_hal_dma.o
LOAD ./Drivers/STM32L4xx_HAL_Driver/Src/stm32l4xx_hal_dma_ex.o
LOAD ./Drivers/STM32L4xx_HAL_Driver/Src/stm32l4xx_hal_exti.o
LOAD ./Drivers/STM32L4xx_HAL_Driver/Src/stm32l4xx_hal_flash.o
LOAD ./Drivers/STM32L4xx_HAL_Driver/Src/stm32l4xx_hal_flash_ex.o
LOAD ./Drivers/STM32L4xx_HAL_Driver/Src/stm32l4xx_hal_flash_ramfunc.o
LOAD ./Drivers/STM32L4xx_HAL_Driver/Src/stm32l4xx_hal_gpio.o
LOAD ./Drivers/STM32L4xx_HAL_Driver/Src/stm32l4xx_hal_i2c.o
LOAD ./Drivers/STM32L4xx_HAL_Driver/Src/stm32l4xx_hal_i2c_ex.o
LOAD ./Drivers/STM32L4xx_HAL_Driver/Src/stm32l4xx_hal_pwr.o
LOAD ./Drivers/STM32L4xx_HAL_Driver/Src/stm32l4xx_hal_pwr_ex.o
LOAD ./Drivers/STM32L4xx_HAL_Driver/Src/stm32l4xx_hal_rcc.o
LOAD ./Drivers/STM32L4xx_HAL_Driver/Src/stm32l4xx_hal_rcc_ex.o
LOAD ./Drivers/STM32L4xx_HAL_Driver/Src/stm32l4xx_hal_tim.o
LOAD ./Drivers/STM32L4xx_HAL_Driver/Src/stm32l4xx_hal_tim_ex.o
LOAD ./Drivers/STM32L4xx_HAL_Driver/Src/stm32l4xx_hal_uart.o
LOAD ./Drivers/STM32L4xx_HAL_Driver/Src/stm32l4xx_hal_uart_ex.o
START GROUP
LOAD C:/ST/STM32CubeIDE_1.16.1/STM32CubeIDE/plugins/com.st.stm32cube.ide.mcu.externaltools.gnu-tools-for-stm32.12.3.rel1.win32_1.0.200.202406191623/tools/bin/../lib/gcc/arm-none-eabi/12.3.1/../../../../arm-none-eabi/lib/thumb/v7e-m+fp/hard\libc_nano.a
LOAD C:/ST/STM32CubeIDE_1.16.1/STM32CubeIDE/plugins/com.st.stm32cube.ide.mcu.externaltools.gnu-tools-for-stm32.12.3.rel1.win32_1.0.200.202406191623/tools/bin/../lib/gcc/arm-none-eabi/12.3.1/../../../../arm-none-eabi/lib/thumb/v7e-m+fp/hard\libm.a
END GROUP
START GROUP
LOAD C:/ST/STM32CubeIDE_1.16.1/STM32CubeIDE/plugins/com.st.stm32cube.ide.mcu.externaltools.gnu-tools-for-stm32.12.3.rel1.win32_1.0.200.202406191623/tools/bin/../lib/gcc/arm-none-eabi/12.3.1/thumb/v7e-m+fp/hard\libgcc.a
LOAD C:/ST/STM32CubeIDE_1.16.1/STM32CubeIDE/plugins/com.st.stm32cube.ide.mcu.externaltools.gnu-tools-for-stm32.12.3.rel1.win32_1.0.200.202406191623/tools/bin/../lib/gcc/arm-none-eabi/12.3.1/../../../../arm-none-eabi/lib/thumb/v7e-m+fp/hard\libc_nano.a
END GROUP
START GROUP
LOAD C:/ST/STM32CubeIDE_1.16.1/STM32CubeIDE/plugins/com.st.stm32cube.ide.mcu.externaltools.gnu-tools-for-stm32.12.3.rel1.win32_1.0.200.202406191623/tools/bin/../lib/gcc/arm-none-eabi/12.3.1/thumb/v7e-m+fp/hard\libgcc.a
LOAD C:/ST/STM32CubeIDE_1.16.1/STM32CubeIDE/plugins/com.st.stm32cube.ide.mcu.externaltools.gnu-tools-for-stm32.12.3.rel1.win32_1.0.200.202406191623/tools/bin/../lib/gcc/arm-none-eabi/12.3.1/../../../../arm-none-eabi/lib/thumb/v7e-m+fp/hard\libc_nano.a
LOAD C:/ST/STM32CubeIDE_1.16.1/STM32CubeIDE/plugins/com.st.stm32cube.ide.mcu.externaltools.gnu-tools-for-stm32.12.3.rel1.win32_1.0.200.202406191623/tools/bin/../lib/gcc/arm-none-eabi/12.3.1/../../../../arm-none-eabi/lib/thumb/v7e-m+fp/hard\libnosys.a
END GROUP
START GROUP
LOAD C:/ST/STM32CubeIDE_1.16.1/STM32CubeIDE/plugins/com.st.stm32cube.ide.mcu.externaltools.gnu-tools-for-stm32.12.3.rel1.win32_1.0.200.202406191623/tools/bin/../lib/gcc/arm-none-eabi/12.3.1/thumb/v7e-m+fp/hard\libgcc.a
LOAD C:/ST/STM32CubeIDE_1.16.1/STM32CubeIDE/plugins/com.st.stm32cube.ide.mcu.externaltools.gnu-tools-for-stm32.12.3.rel1.win32_1.0.200.202406191623/tools/bin/../lib/gcc/arm-none-eabi/12.3.1/../../../../arm-none-eabi/lib/thumb/v7e-m+fp/hard\libc_nano.a
LOAD C:/ST/STM32CubeIDE_1.16.1/STM32CubeIDE/plugins/com.st.stm32cube.ide.mcu.externaltools.gnu-tools-for-stm32.12.3.rel1.win32_1.0.200.202406191623/tools/bin/../lib/gcc/arm-none-eabi/12.3.1/../../../../arm-none-eabi/lib/thumb/v7e-m+fp/hard\libnosys.a
END GROUP
LOAD C:/ST/STM32CubeIDE_1.16.1/STM32CubeIDE/plugins/com.st.stm32cube.ide.mcu.externaltools.gnu-tools-for-stm32.12.3.rel1.win32_1.0.200.202406191623/tools/bin/../lib/gcc/arm-none-eabi/12.3.1/thumb/v7e-m+fp/hard/crtend.o
LOAD C:/ST/STM32CubeIDE_1.16.1/STM32CubeIDE/plugins/com.st.stm32cube.ide.mcu.externaltools.gnu-tools-for-stm32.12.3.rel1.win32_1.0.200.202406191623/tools/bin/../lib/gcc/arm-none-eabi/12.3.1/thumb/v7e-m+fp/hard/crtn.o
                0x20018000                        _estack = (ORIGIN (RAM) + LENGTH (RAM))
                0x00000200                        _Min_Heap_Size = 0x200
                0x00000400                        _Min_Stack_Size = 0x400

.isr_vector     0x08000000      0x188
                0x08000000                        . = ALIGN (0x4)
 *(.isr_vector)
 .isr_vector    0x08000000      0x188 ./Core/Startup/startup_stm32l476rgtx.o
                0x08000000                g_pfnVectors
                0x08000188                        . = ALIGN (0x4)

.text           0x08000190     0x8454
                0x08000190                        . = ALIGN (0x4)
 *(.text)
 .text          0x08000190       0x40 C:/ST/STM32CubeIDE_1.16.1/STM32CubeIDE/plugins/com.st.stm32cube.ide.mcu.externaltools.gnu-tools-for-stm32.12.3.rel1.win32_1.0.200.202406191623/tools/bin/../lib/gcc/arm-none-eabi/12.3.1/thumb/v7e-m+fp/hard/crtbegin.o
 .text          0x080001d0       0x10 C:/ST/STM32CubeIDE_1.16.1/STM32CubeIDE/plugins/com.st.stm32cube.ide.mcu.externaltools.gnu-tools-for-stm32.12.3.rel1.win32_1.0.200.202406191623/tools/bin/../lib/gcc/arm-none-eabi/12.3.1/../../../../arm-none-eabi/lib/thumb/v7e-m+fp/hard\libc_nano.a(libc_a-strlen.o)
                0x080001d0                strlen
 .text          0x080001e0       0xa0 C:/ST/STM32CubeIDE_1.16.1/STM32CubeIDE/plugins/com.st.stm32cube.ide.mcu.externaltools.gnu-tools-for-stm32.12.3.rel1.win32_1.0.200.202406191623/tools/bin/../lib/gcc/arm-none-eabi/12.3.1/../../../../arm-none-eabi/lib/thumb/v7e-m+fp/hard\libc_nano.a(libc_a-memchr.o)
                0x080001e0                memchr
 .text          0x08000280      0x378 C:/ST/STM32CubeIDE_1.16.1/STM32CubeIDE/plugins/com.st.stm32cube.ide.mcu.externaltools.gnu-tools-for-stm32.12.3.rel1.win32_1.0.200.202406191623/tools/bin/../lib/gcc/arm-none-eabi/12.3.1/thumb/v7e-m+fp/hard\libgcc.a(_arm_addsubdf3.o)
                0x08000280                __aeabi_drsub
                0x08000288                __aeabi_dsub
                0x08000288                __subdf3
                0x0800028c                __aeabi_dadd
                0x0800028c                __adddf3
                0x08000504                __floatunsidf
                0x08000504                __aeabi_ui2d
                0x08000524                __floatsidf
                0x08000524                __aeabi_i2d
                0x08000548                __aeabi_f2d
                0x08000548                __extendsfdf2
                0x0800058c                __floatundidf
                0x0800058c                __aeabi_ul2d
                0x0800059c                __floatdidf
                0x0800059c                __aeabi_l2d
 .text          0x080005f8      0x424 C:/ST/STM32CubeIDE_1.16.1/STM32CubeIDE/plugins/com.st.stm32cube.ide.mcu.externaltools.gnu-tools-for-stm32.12.3.rel1.win32_1.0.200.202406191623/tools/bin/../lib/gcc/arm-none-eabi/12.3.1/thumb/v7e-m+fp/hard\libgcc.a(_arm_muldivdf3.o)
                0x080005f8                __aeabi_dmul
                0x080005f8                __muldf3
                0x0800084c                __divdf3
                0x0800084c                __aeabi_ddiv
 .text          0x08000a1c       0x40 C:/ST/STM32CubeIDE_1.16.1/STM32CubeIDE/plugins/com.st.stm32cube.ide.mcu.externaltools.gnu-tools-for-stm32.12.3.rel1.win32_1.0.200.202406191623/tools/bin/../lib/gcc/arm-none-eabi/12.3.1/thumb/v7e-m+fp/hard\libgcc.a(_arm_fixunsdfsi.o)
                0x08000a1c                __aeabi_d2uiz
                0x08000a1c                __fixunsdfsi
 .text          0x08000a5c       0x30 C:/ST/STM32CubeIDE_1.16.1/STM32CubeIDE/plugins/com.st.stm32cube.ide.mcu.externaltools.gnu-tools-for-stm32.12.3.rel1.win32_1.0.200.202406191623/tools/bin/../lib/gcc/arm-none-eabi/12.3.1/thumb/v7e-m+fp/hard\libgcc.a(_aeabi_uldivmod.o)
                0x08000a5c                __aeabi_uldivmod
 .text          0x08000a8c      0x2bc C:/ST/STM32CubeIDE_1.16.1/STM32CubeIDE/plugins/com.st.stm32cube.ide.mcu.externaltools.gnu-tools-for-stm32.12.3.rel1.win32_1.0.200.202406191623/tools/bin/../lib/gcc/arm-none-eabi/12.3.1/thumb/v7e-m+fp/hard\libgcc.a(_udivmoddi4.o)
                0x08000a8c                __udivmoddi4
 .text          0x08000d48        0x4 C:/ST/STM32CubeIDE_1.16.1/STM32CubeIDE/plugins/com.st.stm32cube.ide.mcu.externaltools.gnu-tools-for-stm32.12.3.rel1.win32_1.0.200.202406191623/tools/bin/../lib/gcc/arm-none-eabi/12.3.1/thumb/v7e-m+fp/hard\libgcc.a(_dvmd_tls.o)
                0x08000d48                __aeabi_idiv0
                0x08000d48                __aeabi_ldiv0
 *(.text*)
 .text.HAL_7SEGWriteDigit
                0x08000d4c       0xe8 ./Core/7SegDisplay/Src/7seg.o
                0x08000d4c                HAL_7SEGWriteDigit
 .text.Login_Write
                0x08000e34       0x40 ./Core/Application/Src/main.o
                0x08000e34                Login_Write
 .text.HAL_DisplayNumber
                0x08000e74       0xec ./Core/Application/Src/main.o
                0x08000e74                HAL_DisplayNumber
 .text.main     0x08000f60       0xc8 ./Core/Application/Src/main.o
                0x08000f60                main
 .text.SystemClock_Config
                0x08001028       0xa4 ./Core/Application/Src/main.o
                0x08001028                SystemClock_Config
 .text.HAL_GPIO_EXTI_Callback
                0x080010cc       0x3c ./Core/Application/Src/main.o
                0x080010cc                HAL_GPIO_EXTI_Callback
 .text.HAL_ADC_ConvCpltCallback
                0x08001108      0x12c ./Core/Application/Src/main.o
                0x08001108                HAL_ADC_ConvCpltCallback
 .text.HAL_UART_RxCpltCallback
                0x08001234       0x8c ./Core/Application/Src/main.o
                0x08001234                HAL_UART_RxCpltCallback
 .text.Error_Handler
                0x080012c0       0x88 ./Core/Application/Src/main.o
                0x080012c0                Error_Handler
 .text.HAL_MspInit
                0x08001348       0x48 ./Core/Application/Src/stm32l4xx_hal_msp.o
                0x08001348                HAL_MspInit
 .text.NMI_Handler
                0x08001390        0x8 ./Core/Application/Src/stm32l4xx_it.o
                0x08001390                NMI_Handler
 .text.HardFault_Handler
                0x08001398        0x8 ./Core/Application/Src/stm32l4xx_it.o
                0x08001398                HardFault_Handler
 .text.MemManage_Handler
                0x080013a0        0x8 ./Core/Application/Src/stm32l4xx_it.o
                0x080013a0                MemManage_Handler
 .text.BusFault_Handler
                0x080013a8        0x8 ./Core/Application/Src/stm32l4xx_it.o
                0x080013a8                BusFault_Handler
 .text.UsageFault_Handler
                0x080013b0        0x8 ./Core/Application/Src/stm32l4xx_it.o
                0x080013b0                UsageFault_Handler
 .text.SVC_Handler
                0x080013b8        0xe ./Core/Application/Src/stm32l4xx_it.o
                0x080013b8                SVC_Handler
 .text.DebugMon_Handler
                0x080013c6        0xe ./Core/Application/Src/stm32l4xx_it.o
                0x080013c6                DebugMon_Handler
 .text.PendSV_Handler
                0x080013d4        0xe ./Core/Application/Src/stm32l4xx_it.o
                0x080013d4                PendSV_Handler
 .text.SysTick_Handler
                0x080013e2        0xc ./Core/Application/Src/stm32l4xx_it.o
                0x080013e2                SysTick_Handler
 *fill*         0x080013ee        0x2 
 .text.ADC1_2_IRQHandler
                0x080013f0       0x14 ./Core/Application/Src/stm32l4xx_it.o
                0x080013f0                ADC1_2_IRQHandler
 .text.EXTI9_5_IRQHandler
                0x08001404       0x18 ./Core/Application/Src/stm32l4xx_it.o
                0x08001404                EXTI9_5_IRQHandler
 .text.USART2_IRQHandler
                0x0800141c       0x14 ./Core/Application/Src/stm32l4xx_it.o
                0x0800141c                USART2_IRQHandler
 .text.USART3_IRQHandler
                0x08001430       0x14 ./Core/Application/Src/stm32l4xx_it.o
                0x08001430                USART3_IRQHandler
 .text.EXTI15_10_IRQHandler
                0x08001444       0x10 ./Core/Application/Src/stm32l4xx_it.o
                0x08001444                EXTI15_10_IRQHandler
 .text.UART4_IRQHandler
                0x08001454       0x14 ./Core/Application/Src/stm32l4xx_it.o
                0x08001454                UART4_IRQHandler
 .text._sbrk    0x08001468       0x6c ./Core/Application/Src/sysmem.o
                0x08001468                _sbrk
 .text.SystemInit
                0x080014d4       0x24 ./Core/Application/Src/system_stm32l4xx.o
                0x080014d4                SystemInit
 .text.MX_ADC1_Init
                0x080014f8       0xec ./Core/Peripherals/ADC/adc.o
                0x080014f8                MX_ADC1_Init
 .text.HAL_ADC_MspInit
                0x080015e4       0xe0 ./Core/Peripherals/ADC/adc.o
                0x080015e4                HAL_ADC_MspInit
 .text.MX_GPIO_Init
                0x080016c4      0x12c ./Core/Peripherals/GPIO/gpio.o
                0x080016c4                MX_GPIO_Init
 .text.MX_I2C2_Init
                0x080017f0       0x80 ./Core/Peripherals/I2C/i2c.o
                0x080017f0                MX_I2C2_Init
 .text.HAL_I2C_MspInit
                0x08001870       0xbc ./Core/Peripherals/I2C/i2c.o
                0x08001870                HAL_I2C_MspInit
 .text.MX_UART4_Init
                0x0800192c       0x60 ./Core/Peripherals/UART/usart.o
                0x0800192c                MX_UART4_Init
 .text.MX_USART2_UART_Init
                0x0800198c       0x60 ./Core/Peripherals/UART/usart.o
                0x0800198c                MX_USART2_UART_Init
 .text.MX_USART3_UART_Init
                0x080019ec       0x60 ./Core/Peripherals/UART/usart.o
                0x080019ec                MX_USART3_UART_Init
 .text.HAL_UART_MspInit
                0x08001a4c      0x1fc ./Core/Peripherals/UART/usart.o
                0x08001a4c                HAL_UART_MspInit
 .text.ssd1306_Reset
                0x08001c48        0xe ./Core/SSD1306/Src/ssd1306.o
                0x08001c48                ssd1306_Reset
 *fill*         0x08001c56        0x2 
 .text.ssd1306_WriteCommand
                0x08001c58       0x30 ./Core/SSD1306/Src/ssd1306.o
                0x08001c58                ssd1306_WriteCommand
 .text.ssd1306_WriteData
                0x08001c88       0x34 ./Core/SSD1306/Src/ssd1306.o
                0x08001c88                ssd1306_WriteData
 .text.ssd1306_Init
                0x08001cbc       0xd8 ./Core/SSD1306/Src/ssd1306.o
                0x08001cbc                ssd1306_Init
 .text.ssd1306_Fill
                0x08001d94       0x30 ./Core/SSD1306/Src/ssd1306.o
                0x08001d94                ssd1306_Fill
 .text.ssd1306_UpdateScreen
                0x08001dc4       0x50 ./Core/SSD1306/Src/ssd1306.o
                0x08001dc4                ssd1306_UpdateScreen
 .text.ssd1306_DrawPixel
                0x08001e14       0xa8 ./Core/SSD1306/Src/ssd1306.o
                0x08001e14                ssd1306_DrawPixel
 .text.ssd1306_WriteChar
                0x08001ebc      0x120 ./Core/SSD1306/Src/ssd1306.o
                0x08001ebc                ssd1306_WriteChar
 .text.ssd1306_WriteString
                0x08001fdc       0x4c ./Core/SSD1306/Src/ssd1306.o
                0x08001fdc                ssd1306_WriteString
 .text.ssd1306_SetCursor
                0x08002028       0x34 ./Core/SSD1306/Src/ssd1306.o
                0x08002028                ssd1306_SetCursor
 .text.ssd1306_SetContrast
                0x0800205c       0x26 ./Core/SSD1306/Src/ssd1306.o
                0x0800205c                ssd1306_SetContrast
 *fill*         0x08002082        0x2 
 .text.ssd1306_SetDisplayOn
                0x08002084       0x3c ./Core/SSD1306/Src/ssd1306.o
                0x08002084                ssd1306_SetDisplayOn
 .text.Reset_Handler
                0x080020c0       0x50 ./Core/Startup/startup_stm32l476rgtx.o
                0x080020c0                Reset_Handler
 .text.Default_Handler
                0x08002110        0x2 ./Core/Startup/startup_stm32l476rgtx.o
                0x08002110                RTC_Alarm_IRQHandler
                0x08002110                EXTI2_IRQHandler
                0x08002110                TIM8_TRG_COM_IRQHandler
                0x08002110                TIM8_CC_IRQHandler
                0x08002110                TIM1_CC_IRQHandler
                0x08002110                TSC_IRQHandler
                0x08002110                TAMP_STAMP_IRQHandler
                0x08002110                EXTI3_IRQHandler
                0x08002110                LPTIM2_IRQHandler
                0x08002110                DFSDM1_FLT1_IRQHandler
                0x08002110                I2C3_ER_IRQHandler
                0x08002110                DFSDM1_FLT2_IRQHandler
                0x08002110                EXTI0_IRQHandler
                0x08002110                I2C2_EV_IRQHandler
                0x08002110                CAN1_RX0_IRQHandler
                0x08002110                FPU_IRQHandler
                0x08002110                TIM1_UP_TIM16_IRQHandler
                0x08002110                SPI1_IRQHandler
                0x08002110                TIM6_DAC_IRQHandler
                0x08002110                TIM8_UP_IRQHandler
                0x08002110                DMA2_Channel2_IRQHandler
                0x08002110                DMA1_Channel4_IRQHandler
                0x08002110                SAI2_IRQHandler
                0x08002110                DFSDM1_FLT3_IRQHandler
                0x08002110                DMA1_Channel7_IRQHandler
                0x08002110                CAN1_RX1_IRQHandler
                0x08002110                LCD_IRQHandler
                0x08002110                UART5_IRQHandler
                0x08002110                ADC3_IRQHandler
                0x08002110                TIM4_IRQHandler
                0x08002110                DMA2_Channel1_IRQHandler
                0x08002110                QUADSPI_IRQHandler
                0x08002110                I2C1_EV_IRQHandler
                0x08002110                DMA1_Channel6_IRQHandler
                0x08002110                DMA2_Channel4_IRQHandler
                0x08002110                TIM3_IRQHandler
                0x08002110                RCC_IRQHandler
                0x08002110                DMA1_Channel1_IRQHandler
                0x08002110                Default_Handler
                0x08002110                DMA2_Channel7_IRQHandler
                0x08002110                TIM7_IRQHandler
                0x08002110                SDMMC1_IRQHandler
                0x08002110                TIM5_IRQHandler
                0x08002110                I2C3_EV_IRQHandler
                0x08002110                RTC_WKUP_IRQHandler
                0x08002110                PVD_PVM_IRQHandler
                0x08002110                SPI2_IRQHandler
                0x08002110                CAN1_TX_IRQHandler
                0x08002110                DMA2_Channel5_IRQHandler
                0x08002110                DMA1_Channel5_IRQHandler
                0x08002110                EXTI4_IRQHandler
                0x08002110                RNG_IRQHandler
                0x08002110                TIM1_TRG_COM_TIM17_IRQHandler
                0x08002110                DMA1_Channel3_IRQHandler
                0x08002110                COMP_IRQHandler
                0x08002110                WWDG_IRQHandler
                0x08002110                LPUART1_IRQHandler
                0x08002110                DMA2_Channel6_IRQHandler
                0x08002110                TIM2_IRQHandler
                0x08002110                EXTI1_IRQHandler
                0x08002110                DFSDM1_FLT0_IRQHandler
                0x08002110                I2C2_ER_IRQHandler
                0x08002110                DMA1_Channel2_IRQHandler
                0x08002110                TIM8_BRK_IRQHandler
                0x08002110                CAN1_SCE_IRQHandler
                0x08002110                FLASH_IRQHandler
                0x08002110                USART1_IRQHandler
                0x08002110                OTG_FS_IRQHandler
                0x08002110                SPI3_IRQHandler
                0x08002110                I2C1_ER_IRQHandler
                0x08002110                FMC_IRQHandler
                0x08002110                SWPMI1_IRQHandler
                0x08002110                LPTIM1_IRQHandler
                0x08002110                SAI1_IRQHandler
                0x08002110                DMA2_Channel3_IRQHandler
                0x08002110                TIM1_BRK_TIM15_IRQHandler
 .text.HAL_Init
                0x08002112       0x30 ./Drivers/STM32L4xx_HAL_Driver/Src/stm32l4xx_hal.o
                0x08002112                HAL_Init
 *fill*         0x08002142        0x2 
 .text.HAL_InitTick
                0x08002144       0x78 ./Drivers/STM32L4xx_HAL_Driver/Src/stm32l4xx_hal.o
                0x08002144                HAL_InitTick
 .text.HAL_IncTick
                0x080021bc       0x28 ./Drivers/STM32L4xx_HAL_Driver/Src/stm32l4xx_hal.o
                0x080021bc                HAL_IncTick
 .text.HAL_GetTick
                0x080021e4       0x18 ./Drivers/STM32L4xx_HAL_Driver/Src/stm32l4xx_hal.o
                0x080021e4                HAL_GetTick
 .text.HAL_Delay
                0x080021fc       0x48 ./Drivers/STM32L4xx_HAL_Driver/Src/stm32l4xx_hal.o
                0x080021fc                HAL_Delay
 .text.LL_ADC_SetCommonClock
                0x08002244       0x26 ./Drivers/STM32L4xx_HAL_Driver/Src/stm32l4xx_hal_adc.o
 .text.LL_ADC_SetCommonPathInternalCh
                0x0800226a       0x26 ./Drivers/STM32L4xx_HAL_Driver/Src/stm32l4xx_hal_adc.o
 .text.LL_ADC_GetCommonPathInternalCh
                0x08002290       0x1c ./Drivers/STM32L4xx_HAL_Driver/Src/stm32l4xx_hal_adc.o
 .text.LL_ADC_SetOffset
                0x080022ac       0x48 ./Drivers/STM32L4xx_HAL_Driver/Src/stm32l4xx_hal_adc.o
 .text.LL_ADC_GetOffsetChannel
                0x080022f4       0x2c ./Drivers/STM32L4xx_HAL_Driver/Src/stm32l4xx_hal_adc.o
 .text.LL_ADC_SetOffsetState
                0x08002320       0x36 ./Drivers/STM32L4xx_HAL_Driver/Src/stm32l4xx_hal_adc.o
 .text.LL_ADC_REG_IsTriggerSourceSWStart
                0x08002356       0x26 ./Drivers/STM32L4xx_HAL_Driver/Src/stm32l4xx_hal_adc.o
 .text.LL_ADC_REG_SetSequencerRanks
                0x0800237c       0x58 ./Drivers/STM32L4xx_HAL_Driver/Src/stm32l4xx_hal_adc.o
 .text.LL_ADC_INJ_IsTriggerSourceSWStart
                0x080023d4       0x26 ./Drivers/STM32L4xx_HAL_Driver/Src/stm32l4xx_hal_adc.o
 .text.LL_ADC_SetChannelSamplingTime
                0x080023fa       0x56 ./Drivers/STM32L4xx_HAL_Driver/Src/stm32l4xx_hal_adc.o
 .text.LL_ADC_SetChannelSingleDiff
                0x08002450       0x48 ./Drivers/STM32L4xx_HAL_Driver/Src/stm32l4xx_hal_adc.o
 .text.LL_ADC_GetMultimode
                0x08002498       0x1c ./Drivers/STM32L4xx_HAL_Driver/Src/stm32l4xx_hal_adc.o
 .text.LL_ADC_GetMultiDMATransfer
                0x080024b4       0x1c ./Drivers/STM32L4xx_HAL_Driver/Src/stm32l4xx_hal_adc.o
 .text.LL_ADC_DisableDeepPowerDown
                0x080024d0       0x24 ./Drivers/STM32L4xx_HAL_Driver/Src/stm32l4xx_hal_adc.o
 .text.LL_ADC_IsDeepPowerDownEnabled
                0x080024f4       0x28 ./Drivers/STM32L4xx_HAL_Driver/Src/stm32l4xx_hal_adc.o
 .text.LL_ADC_EnableInternalRegulator
                0x0800251c       0x28 ./Drivers/STM32L4xx_HAL_Driver/Src/stm32l4xx_hal_adc.o
 .text.LL_ADC_IsInternalRegulatorEnabled
                0x08002544       0x28 ./Drivers/STM32L4xx_HAL_Driver/Src/stm32l4xx_hal_adc.o
 .text.LL_ADC_Enable
                0x0800256c       0x28 ./Drivers/STM32L4xx_HAL_Driver/Src/stm32l4xx_hal_adc.o
 .text.LL_ADC_IsEnabled
                0x08002594       0x26 ./Drivers/STM32L4xx_HAL_Driver/Src/stm32l4xx_hal_adc.o
 .text.LL_ADC_REG_StartConversion
                0x080025ba       0x28 ./Drivers/STM32L4xx_HAL_Driver/Src/stm32l4xx_hal_adc.o
 .text.LL_ADC_REG_IsConversionOngoing
                0x080025e2       0x26 ./Drivers/STM32L4xx_HAL_Driver/Src/stm32l4xx_hal_adc.o
 .text.LL_ADC_INJ_IsConversionOngoing
                0x08002608       0x26 ./Drivers/STM32L4xx_HAL_Driver/Src/stm32l4xx_hal_adc.o
 *fill*         0x0800262e        0x2 
 .text.HAL_ADC_Init
                0x08002630      0x2a0 ./Drivers/STM32L4xx_HAL_Driver/Src/stm32l4xx_hal_adc.o
                0x08002630                HAL_ADC_Init
 .text.HAL_ADC_Start_IT
                0x080028d0      0x25c ./Drivers/STM32L4xx_HAL_Driver/Src/stm32l4xx_hal_adc.o
                0x080028d0                HAL_ADC_Start_IT
 .text.HAL_ADC_GetValue
                0x08002b2c       0x1a ./Drivers/STM32L4xx_HAL_Driver/Src/stm32l4xx_hal_adc.o
                0x08002b2c                HAL_ADC_GetValue
 *fill*         0x08002b46        0x2 
 .text.HAL_ADC_IRQHandler
                0x08002b48      0x434 ./Drivers/STM32L4xx_HAL_Driver/Src/stm32l4xx_hal_adc.o
                0x08002b48                HAL_ADC_IRQHandler
 .text.HAL_ADC_LevelOutOfWindowCallback
                0x08002f7c       0x14 ./Drivers/STM32L4xx_HAL_Driver/Src/stm32l4xx_hal_adc.o
                0x08002f7c                HAL_ADC_LevelOutOfWindowCallback
 .text.HAL_ADC_ErrorCallback
                0x08002f90       0x14 ./Drivers/STM32L4xx_HAL_Driver/Src/stm32l4xx_hal_adc.o
                0x08002f90                HAL_ADC_ErrorCallback
 .text.HAL_ADC_ConfigChannel
                0x08002fa4      0x7e4 ./Drivers/STM32L4xx_HAL_Driver/Src/stm32l4xx_hal_adc.o
                0x08002fa4                HAL_ADC_ConfigChannel
 .text.ADC_Enable
                0x08003788      0x10c ./Drivers/STM32L4xx_HAL_Driver/Src/stm32l4xx_hal_adc.o
                0x08003788                ADC_Enable
 .text.LL_ADC_IsEnabled
                0x08003894       0x26 ./Drivers/STM32L4xx_HAL_Driver/Src/stm32l4xx_hal_adc_ex.o
 .text.LL_ADC_REG_IsConversionOngoing
                0x080038ba       0x26 ./Drivers/STM32L4xx_HAL_Driver/Src/stm32l4xx_hal_adc_ex.o
 .text.HAL_ADCEx_InjectedConvCpltCallback
                0x080038e0       0x14 ./Drivers/STM32L4xx_HAL_Driver/Src/stm32l4xx_hal_adc_ex.o
                0x080038e0                HAL_ADCEx_InjectedConvCpltCallback
 .text.HAL_ADCEx_InjectedQueueOverflowCallback
                0x080038f4       0x14 ./Drivers/STM32L4xx_HAL_Driver/Src/stm32l4xx_hal_adc_ex.o
                0x080038f4                HAL_ADCEx_InjectedQueueOverflowCallback
 .text.HAL_ADCEx_LevelOutOfWindow2Callback
                0x08003908       0x14 ./Drivers/STM32L4xx_HAL_Driver/Src/stm32l4xx_hal_adc_ex.o
                0x08003908                HAL_ADCEx_LevelOutOfWindow2Callback
 .text.HAL_ADCEx_LevelOutOfWindow3Callback
                0x0800391c       0x14 ./Drivers/STM32L4xx_HAL_Driver/Src/stm32l4xx_hal_adc_ex.o
                0x0800391c                HAL_ADCEx_LevelOutOfWindow3Callback
 .text.HAL_ADCEx_EndOfSamplingCallback
                0x08003930       0x14 ./Drivers/STM32L4xx_HAL_Driver/Src/stm32l4xx_hal_adc_ex.o
                0x08003930                HAL_ADCEx_EndOfSamplingCallback
 .text.HAL_ADCEx_MultiModeConfigChannel
                0x08003944      0x160 ./Drivers/STM32L4xx_HAL_Driver/Src/stm32l4xx_hal_adc_ex.o
                0x08003944                HAL_ADCEx_MultiModeConfigChannel
 .text.__NVIC_SetPriorityGrouping
                0x08003aa4       0x48 ./Drivers/STM32L4xx_HAL_Driver/Src/stm32l4xx_hal_cortex.o
 .text.__NVIC_GetPriorityGrouping
                0x08003aec       0x1c ./Drivers/STM32L4xx_HAL_Driver/Src/stm32l4xx_hal_cortex.o
 .text.__NVIC_EnableIRQ
                0x08003b08       0x3c ./Drivers/STM32L4xx_HAL_Driver/Src/stm32l4xx_hal_cortex.o
 .text.__NVIC_SetPriority
                0x08003b44       0x54 ./Drivers/STM32L4xx_HAL_Driver/Src/stm32l4xx_hal_cortex.o
 .text.NVIC_EncodePriority
                0x08003b98       0x66 ./Drivers/STM32L4xx_HAL_Driver/Src/stm32l4xx_hal_cortex.o
 *fill*         0x08003bfe        0x2 
 .text.SysTick_Config
                0x08003c00       0x44 ./Drivers/STM32L4xx_HAL_Driver/Src/stm32l4xx_hal_cortex.o
 .text.HAL_NVIC_SetPriorityGrouping
                0x08003c44       0x16 ./Drivers/STM32L4xx_HAL_Driver/Src/stm32l4xx_hal_cortex.o
                0x08003c44                HAL_NVIC_SetPriorityGrouping
 .text.HAL_NVIC_SetPriority
                0x08003c5a       0x38 ./Drivers/STM32L4xx_HAL_Driver/Src/stm32l4xx_hal_cortex.o
                0x08003c5a                HAL_NVIC_SetPriority
 .text.HAL_NVIC_EnableIRQ
                0x08003c92       0x1c ./Drivers/STM32L4xx_HAL_Driver/Src/stm32l4xx_hal_cortex.o
                0x08003c92                HAL_NVIC_EnableIRQ
 .text.HAL_SYSTICK_Config
                0x08003cae       0x18 ./Drivers/STM32L4xx_HAL_Driver/Src/stm32l4xx_hal_cortex.o
                0x08003cae                HAL_SYSTICK_Config
 .text.HAL_DMA_Abort
                0x08003cc6       0x7c ./Drivers/STM32L4xx_HAL_Driver/Src/stm32l4xx_hal_dma.o
                0x08003cc6                HAL_DMA_Abort
 .text.HAL_DMA_Abort_IT
                0x08003d42       0x82 ./Drivers/STM32L4xx_HAL_Driver/Src/stm32l4xx_hal_dma.o
                0x08003d42                HAL_DMA_Abort_IT
 .text.HAL_GPIO_Init
                0x08003dc4      0x354 ./Drivers/STM32L4xx_HAL_Driver/Src/stm32l4xx_hal_gpio.o
                0x08003dc4                HAL_GPIO_Init
 .text.HAL_GPIO_WritePin
                0x08004118       0x30 ./Drivers/STM32L4xx_HAL_Driver/Src/stm32l4xx_hal_gpio.o
                0x08004118                HAL_GPIO_WritePin
 .text.HAL_GPIO_TogglePin
                0x08004148       0x34 ./Drivers/STM32L4xx_HAL_Driver/Src/stm32l4xx_hal_gpio.o
                0x08004148                HAL_GPIO_TogglePin
 .text.HAL_GPIO_EXTI_IRQHandler
                0x0800417c       0x30 ./Drivers/STM32L4xx_HAL_Driver/Src/stm32l4xx_hal_gpio.o
                0x0800417c                HAL_GPIO_EXTI_IRQHandler
 .text.HAL_I2C_Init
                0x080041ac      0x136 ./Drivers/STM32L4xx_HAL_Driver/Src/stm32l4xx_hal_i2c.o
                0x080041ac                HAL_I2C_Init
 *fill*         0x080042e2        0x2 
 .text.HAL_I2C_Mem_Write
                0x080042e4      0x228 ./Drivers/STM32L4xx_HAL_Driver/Src/stm32l4xx_hal_i2c.o
                0x080042e4                HAL_I2C_Mem_Write
 .text.I2C_RequestMemoryWrite
                0x0800450c       0xa8 ./Drivers/STM32L4xx_HAL_Driver/Src/stm32l4xx_hal_i2c.o
 .text.I2C_Flush_TXDR
                0x080045b4       0x48 ./Drivers/STM32L4xx_HAL_Driver/Src/stm32l4xx_hal_i2c.o
 .text.I2C_WaitOnFlagUntilTimeout
                0x080045fc       0xb2 ./Drivers/STM32L4xx_HAL_Driver/Src/stm32l4xx_hal_i2c.o
 .text.I2C_WaitOnTXISFlagUntilTimeout
                0x080046ae       0x8e ./Drivers/STM32L4xx_HAL_Driver/Src/stm32l4xx_hal_i2c.o
 .text.I2C_WaitOnSTOPFlagUntilTimeout
                0x0800473c       0x86 ./Drivers/STM32L4xx_HAL_Driver/Src/stm32l4xx_hal_i2c.o
 *fill*         0x080047c2        0x2 
 .text.I2C_IsErrorOccurred
                0x080047c4      0x1c0 ./Drivers/STM32L4xx_HAL_Driver/Src/stm32l4xx_hal_i2c.o
 .text.I2C_TransferConfig
                0x08004984       0x64 ./Drivers/STM32L4xx_HAL_Driver/Src/stm32l4xx_hal_i2c.o
 .text.HAL_I2CEx_ConfigAnalogFilter
                0x080049e8       0x96 ./Drivers/STM32L4xx_HAL_Driver/Src/stm32l4xx_hal_i2c_ex.o
                0x080049e8                HAL_I2CEx_ConfigAnalogFilter
 .text.HAL_I2CEx_ConfigDigitalFilter
                0x08004a7e       0x98 ./Drivers/STM32L4xx_HAL_Driver/Src/stm32l4xx_hal_i2c_ex.o
                0x08004a7e                HAL_I2CEx_ConfigDigitalFilter
 *fill*         0x08004b16        0x2 
 .text.HAL_PWREx_GetVoltageRange
                0x08004b18       0x1c ./Drivers/STM32L4xx_HAL_Driver/Src/stm32l4xx_hal_pwr_ex.o
                0x08004b18                HAL_PWREx_GetVoltageRange
 .text.HAL_PWREx_ControlVoltageScaling
                0x08004b34       0xac ./Drivers/STM32L4xx_HAL_Driver/Src/stm32l4xx_hal_pwr_ex.o
                0x08004b34                HAL_PWREx_ControlVoltageScaling
 .text.HAL_RCC_OscConfig
                0x08004be0      0x7b8 ./Drivers/STM32L4xx_HAL_Driver/Src/stm32l4xx_hal_rcc.o
                0x08004be0                HAL_RCC_OscConfig
 .text.HAL_RCC_ClockConfig
                0x08005398      0x200 ./Drivers/STM32L4xx_HAL_Driver/Src/stm32l4xx_hal_rcc.o
                0x08005398                HAL_RCC_ClockConfig
 .text.HAL_RCC_GetSysClockFreq
                0x08005598      0x118 ./Drivers/STM32L4xx_HAL_Driver/Src/stm32l4xx_hal_rcc.o
                0x08005598                HAL_RCC_GetSysClockFreq
 .text.HAL_RCC_GetHCLKFreq
                0x080056b0       0x18 ./Drivers/STM32L4xx_HAL_Driver/Src/stm32l4xx_hal_rcc.o
                0x080056b0                HAL_RCC_GetHCLKFreq
 .text.HAL_RCC_GetPCLK1Freq
                0x080056c8       0x2c ./Drivers/STM32L4xx_HAL_Driver/Src/stm32l4xx_hal_rcc.o
                0x080056c8                HAL_RCC_GetPCLK1Freq
 .text.HAL_RCC_GetPCLK2Freq
                0x080056f4       0x2c ./Drivers/STM32L4xx_HAL_Driver/Src/stm32l4xx_hal_rcc.o
                0x080056f4                HAL_RCC_GetPCLK2Freq
 .text.RCC_SetFlashLatencyFromMSIRange
                0x08005720       0xc0 ./Drivers/STM32L4xx_HAL_Driver/Src/stm32l4xx_hal_rcc.o
 .text.HAL_RCCEx_PeriphCLKConfig
                0x080057e0      0x5d4 ./Drivers/STM32L4xx_HAL_Driver/Src/stm32l4xx_hal_rcc_ex.o
                0x080057e0                HAL_RCCEx_PeriphCLKConfig
 .text.RCCEx_PLLSAI1_Config
                0x08005db4      0x1e8 ./Drivers/STM32L4xx_HAL_Driver/Src/stm32l4xx_hal_rcc_ex.o
 .text.RCCEx_PLLSAI2_Config
                0x08005f9c      0x1bc ./Drivers/STM32L4xx_HAL_Driver/Src/stm32l4xx_hal_rcc_ex.o
 .text.HAL_UART_Init
                0x08006158       0x9c ./Drivers/STM32L4xx_HAL_Driver/Src/stm32l4xx_hal_uart.o
                0x08006158                HAL_UART_Init
 .text.HAL_UART_Transmit
                0x080061f4      0x112 ./Drivers/STM32L4xx_HAL_Driver/Src/stm32l4xx_hal_uart.o
                0x080061f4                HAL_UART_Transmit
 *fill*         0x08006306        0x2 
 .text.HAL_UART_Transmit_IT
                0x08006308       0xbc ./Drivers/STM32L4xx_HAL_Driver/Src/stm32l4xx_hal_uart.o
                0x08006308                HAL_UART_Transmit_IT
 .text.HAL_UART_Receive_IT
                0x080063c4       0x98 ./Drivers/STM32L4xx_HAL_Driver/Src/stm32l4xx_hal_uart.o
                0x080063c4                HAL_UART_Receive_IT
 .text.HAL_UART_AbortTransmit_IT
                0x0800645c       0xf0 ./Drivers/STM32L4xx_HAL_Driver/Src/stm32l4xx_hal_uart.o
                0x0800645c                HAL_UART_AbortTransmit_IT
 .text.HAL_UART_IRQHandler
                0x0800654c      0x60c ./Drivers/STM32L4xx_HAL_Driver/Src/stm32l4xx_hal_uart.o
                0x0800654c                HAL_UART_IRQHandler
 .text.HAL_UART_TxCpltCallback
                0x08006b58       0x14 ./Drivers/STM32L4xx_HAL_Driver/Src/stm32l4xx_hal_uart.o
                0x08006b58                HAL_UART_TxCpltCallback
 .text.HAL_UART_ErrorCallback
                0x08006b6c       0x14 ./Drivers/STM32L4xx_HAL_Driver/Src/stm32l4xx_hal_uart.o
                0x08006b6c                HAL_UART_ErrorCallback
 .text.HAL_UART_AbortTransmitCpltCallback
                0x08006b80       0x14 ./Drivers/STM32L4xx_HAL_Driver/Src/stm32l4xx_hal_uart.o
                0x08006b80                HAL_UART_AbortTransmitCpltCallback
 .text.HAL_UARTEx_RxEventCallback
                0x08006b94       0x18 ./Drivers/STM32L4xx_HAL_Driver/Src/stm32l4xx_hal_uart.o
                0x08006b94                HAL_UARTEx_RxEventCallback
 .text.UART_SetConfig
                0x08006bac      0x570 ./Drivers/STM32L4xx_HAL_Driver/Src/stm32l4xx_hal_uart.o
                0x08006bac                UART_SetConfig
 .text.UART_AdvFeatureConfig
                0x0800711c      0x144 ./Drivers/STM32L4xx_HAL_Driver/Src/stm32l4xx_hal_uart.o
                0x0800711c                UART_AdvFeatureConfig
 .text.UART_CheckIdleState
                0x08007260      0x150 ./Drivers/STM32L4xx_HAL_Driver/Src/stm32l4xx_hal_uart.o
                0x08007260                UART_CheckIdleState
 .text.UART_WaitOnFlagUntilTimeout
                0x080073b0       0xda ./Drivers/STM32L4xx_HAL_Driver/Src/stm32l4xx_hal_uart.o
                0x080073b0                UART_WaitOnFlagUntilTimeout
 *fill*         0x0800748a        0x2 
 .text.UART_Start_Receive_IT
                0x0800748c      0x18c ./Drivers/STM32L4xx_HAL_Driver/Src/stm32l4xx_hal_uart.o
                0x0800748c                UART_Start_Receive_IT
 .text.UART_EndRxTransfer
                0x08007618       0xc8 ./Drivers/STM32L4xx_HAL_Driver/Src/stm32l4xx_hal_uart.o
 .text.UART_DMAAbortOnError
                0x080076e0       0x2c ./Drivers/STM32L4xx_HAL_Driver/Src/stm32l4xx_hal_uart.o
 .text.UART_DMATxOnlyAbortCallback
                0x0800770c       0x2a ./Drivers/STM32L4xx_HAL_Driver/Src/stm32l4xx_hal_uart.o
 .text.UART_TxISR_8BIT
                0x08007736       0xb6 ./Drivers/STM32L4xx_HAL_Driver/Src/stm32l4xx_hal_uart.o
 .text.UART_TxISR_16BIT
                0x080077ec       0xc0 ./Drivers/STM32L4xx_HAL_Driver/Src/stm32l4xx_hal_uart.o
 .text.UART_EndTransmit_IT
                0x080078ac       0x54 ./Drivers/STM32L4xx_HAL_Driver/Src/stm32l4xx_hal_uart.o
 .text.UART_RxISR_8BIT
                0x08007900      0x1bc ./Drivers/STM32L4xx_HAL_Driver/Src/stm32l4xx_hal_uart.o
 .text.UART_RxISR_16BIT
                0x08007abc      0x1bc ./Drivers/STM32L4xx_HAL_Driver/Src/stm32l4xx_hal_uart.o
 .text.HAL_UARTEx_WakeupCallback
                0x08007c78       0x14 ./Drivers/STM32L4xx_HAL_Driver/Src/stm32l4xx_hal_uart_ex.o
                0x08007c78                HAL_UARTEx_WakeupCallback
 .text.sprintf  0x08007c8c       0x40 C:/ST/STM32CubeIDE_1.16.1/STM32CubeIDE/plugins/com.st.stm32cube.ide.mcu.externaltools.gnu-tools-for-stm32.12.3.rel1.win32_1.0.200.202406191623/tools/bin/../lib/gcc/arm-none-eabi/12.3.1/../../../../arm-none-eabi/lib/thumb/v7e-m+fp/hard\libc_nano.a(libc_a-sprintf.o)
                0x08007c8c                siprintf
                0x08007c8c                sprintf
 .text.memmove  0x08007ccc       0x34 C:/ST/STM32CubeIDE_1.16.1/STM32CubeIDE/plugins/com.st.stm32cube.ide.mcu.externaltools.gnu-tools-for-stm32.12.3.rel1.win32_1.0.200.202406191623/tools/bin/../lib/gcc/arm-none-eabi/12.3.1/../../../../arm-none-eabi/lib/thumb/v7e-m+fp/hard\libc_nano.a(libc_a-memmove.o)
                0x08007ccc                memmove
 .text.memset   0x08007d00       0x10 C:/ST/STM32CubeIDE_1.16.1/STM32CubeIDE/plugins/com.st.stm32cube.ide.mcu.externaltools.gnu-tools-for-stm32.12.3.rel1.win32_1.0.200.202406191623/tools/bin/../lib/gcc/arm-none-eabi/12.3.1/../../../../arm-none-eabi/lib/thumb/v7e-m+fp/hard\libc_nano.a(libc_a-memset.o)
                0x08007d00                memset
 .text.__errno  0x08007d10        0xc C:/ST/STM32CubeIDE_1.16.1/STM32CubeIDE/plugins/com.st.stm32cube.ide.mcu.externaltools.gnu-tools-for-stm32.12.3.rel1.win32_1.0.200.202406191623/tools/bin/../lib/gcc/arm-none-eabi/12.3.1/../../../../arm-none-eabi/lib/thumb/v7e-m+fp/hard\libc_nano.a(libc_a-errno.o)
                0x08007d10                __errno
 .text.__libc_init_array
                0x08007d1c       0x48 C:/ST/STM32CubeIDE_1.16.1/STM32CubeIDE/plugins/com.st.stm32cube.ide.mcu.externaltools.gnu-tools-for-stm32.12.3.rel1.win32_1.0.200.202406191623/tools/bin/../lib/gcc/arm-none-eabi/12.3.1/../../../../arm-none-eabi/lib/thumb/v7e-m+fp/hard\libc_nano.a(libc_a-init.o)
                0x08007d1c                __libc_init_array
 .text.__retarget_lock_acquire_recursive
                0x08007d64        0x2 C:/ST/STM32CubeIDE_1.16.1/STM32CubeIDE/plugins/com.st.stm32cube.ide.mcu.externaltools.gnu-tools-for-stm32.12.3.rel1.win32_1.0.200.202406191623/tools/bin/../lib/gcc/arm-none-eabi/12.3.1/../../../../arm-none-eabi/lib/thumb/v7e-m+fp/hard\libc_nano.a(libc_a-lock.o)
                0x08007d64                __retarget_lock_acquire_recursive
 .text.__retarget_lock_release_recursive
                0x08007d66        0x2 C:/ST/STM32CubeIDE_1.16.1/STM32CubeIDE/plugins/com.st.stm32cube.ide.mcu.externaltools.gnu-tools-for-stm32.12.3.rel1.win32_1.0.200.202406191623/tools/bin/../lib/gcc/arm-none-eabi/12.3.1/../../../../arm-none-eabi/lib/thumb/v7e-m+fp/hard\libc_nano.a(libc_a-lock.o)
                0x08007d66                __retarget_lock_release_recursive
 .text.memcpy   0x08007d68       0x1c C:/ST/STM32CubeIDE_1.16.1/STM32CubeIDE/plugins/com.st.stm32cube.ide.mcu.externaltools.gnu-tools-for-stm32.12.3.rel1.win32_1.0.200.202406191623/tools/bin/../lib/gcc/arm-none-eabi/12.3.1/../../../../arm-none-eabi/lib/thumb/v7e-m+fp/hard\libc_nano.a(libc_a-memcpy-stub.o)
                0x08007d68                memcpy
 .text._free_r  0x08007d84       0x94 C:/ST/STM32CubeIDE_1.16.1/STM32CubeIDE/plugins/com.st.stm32cube.ide.mcu.externaltools.gnu-tools-for-stm32.12.3.rel1.win32_1.0.200.202406191623/tools/bin/../lib/gcc/arm-none-eabi/12.3.1/../../../../arm-none-eabi/lib/thumb/v7e-m+fp/hard\libc_nano.a(libc_a-freer.o)
                0x08007d84                _free_r
 .text.sbrk_aligned
                0x08007e18       0x44 C:/ST/STM32CubeIDE_1.16.1/STM32CubeIDE/plugins/com.st.stm32cube.ide.mcu.externaltools.gnu-tools-for-stm32.12.3.rel1.win32_1.0.200.202406191623/tools/bin/../lib/gcc/arm-none-eabi/12.3.1/../../../../arm-none-eabi/lib/thumb/v7e-m+fp/hard\libc_nano.a(libc_a-mallocr.o)
 .text._malloc_r
                0x08007e5c      0x100 C:/ST/STM32CubeIDE_1.16.1/STM32CubeIDE/plugins/com.st.stm32cube.ide.mcu.externaltools.gnu-tools-for-stm32.12.3.rel1.win32_1.0.200.202406191623/tools/bin/../lib/gcc/arm-none-eabi/12.3.1/../../../../arm-none-eabi/lib/thumb/v7e-m+fp/hard\libc_nano.a(libc_a-mallocr.o)
                0x08007e5c                _malloc_r
 .text.__malloc_lock
                0x08007f5c        0xc C:/ST/STM32CubeIDE_1.16.1/STM32CubeIDE/plugins/com.st.stm32cube.ide.mcu.externaltools.gnu-tools-for-stm32.12.3.rel1.win32_1.0.200.202406191623/tools/bin/../lib/gcc/arm-none-eabi/12.3.1/../../../../arm-none-eabi/lib/thumb/v7e-m+fp/hard\libc_nano.a(libc_a-mlock.o)
                0x08007f5c                __malloc_lock
 .text.__malloc_unlock
                0x08007f68        0xc C:/ST/STM32CubeIDE_1.16.1/STM32CubeIDE/plugins/com.st.stm32cube.ide.mcu.externaltools.gnu-tools-for-stm32.12.3.rel1.win32_1.0.200.202406191623/tools/bin/../lib/gcc/arm-none-eabi/12.3.1/../../../../arm-none-eabi/lib/thumb/v7e-m+fp/hard\libc_nano.a(libc_a-mlock.o)
                0x08007f68                __malloc_unlock
 .text.__ssputs_r
                0x08007f74       0xb6 C:/ST/STM32CubeIDE_1.16.1/STM32CubeIDE/plugins/com.st.stm32cube.ide.mcu.externaltools.gnu-tools-for-stm32.12.3.rel1.win32_1.0.200.202406191623/tools/bin/../lib/gcc/arm-none-eabi/12.3.1/../../../../arm-none-eabi/lib/thumb/v7e-m+fp/hard\libc_nano.a(libc_a-nano-svfprintf.o)
                0x08007f74                __ssputs_r
 *fill*         0x0800802a        0x2 
 .text._svfprintf_r
                0x0800802c      0x1f8 C:/ST/STM32CubeIDE_1.16.1/STM32CubeIDE/plugins/com.st.stm32cube.ide.mcu.externaltools.gnu-tools-for-stm32.12.3.rel1.win32_1.0.200.202406191623/tools/bin/../lib/gcc/arm-none-eabi/12.3.1/../../../../arm-none-eabi/lib/thumb/v7e-m+fp/hard\libc_nano.a(libc_a-nano-svfprintf.o)
                0x0800802c                _svfiprintf_r
                0x0800802c                _svfprintf_r
 .text._printf_common
                0x08008224       0xda C:/ST/STM32CubeIDE_1.16.1/STM32CubeIDE/plugins/com.st.stm32cube.ide.mcu.externaltools.gnu-tools-for-stm32.12.3.rel1.win32_1.0.200.202406191623/tools/bin/../lib/gcc/arm-none-eabi/12.3.1/../../../../arm-none-eabi/lib/thumb/v7e-m+fp/hard\libc_nano.a(libc_a-nano-vfprintf_i.o)
                0x08008224                _printf_common
 *fill*         0x080082fe        0x2 
 .text._printf_i
                0x08008300      0x240 C:/ST/STM32CubeIDE_1.16.1/STM32CubeIDE/plugins/com.st.stm32cube.ide.mcu.externaltools.gnu-tools-for-stm32.12.3.rel1.win32_1.0.200.202406191623/tools/bin/../lib/gcc/arm-none-eabi/12.3.1/../../../../arm-none-eabi/lib/thumb/v7e-m+fp/hard\libc_nano.a(libc_a-nano-vfprintf_i.o)
                0x08008300                _printf_i
 .text._sbrk_r  0x08008540       0x20 C:/ST/STM32CubeIDE_1.16.1/STM32CubeIDE/plugins/com.st.stm32cube.ide.mcu.externaltools.gnu-tools-for-stm32.12.3.rel1.win32_1.0.200.202406191623/tools/bin/../lib/gcc/arm-none-eabi/12.3.1/../../../../arm-none-eabi/lib/thumb/v7e-m+fp/hard\libc_nano.a(libc_a-sbrkr.o)
                0x08008540                _sbrk_r
 .text._realloc_r
                0x08008560       0x5c C:/ST/STM32CubeIDE_1.16.1/STM32CubeIDE/plugins/com.st.stm32cube.ide.mcu.externaltools.gnu-tools-for-stm32.12.3.rel1.win32_1.0.200.202406191623/tools/bin/../lib/gcc/arm-none-eabi/12.3.1/../../../../arm-none-eabi/lib/thumb/v7e-m+fp/hard\libc_nano.a(libc_a-reallocr.o)
                0x08008560                _realloc_r
 .text._malloc_usable_size_r
                0x080085bc       0x10 C:/ST/STM32CubeIDE_1.16.1/STM32CubeIDE/plugins/com.st.stm32cube.ide.mcu.externaltools.gnu-tools-for-stm32.12.3.rel1.win32_1.0.200.202406191623/tools/bin/../lib/gcc/arm-none-eabi/12.3.1/../../../../arm-none-eabi/lib/thumb/v7e-m+fp/hard\libc_nano.a(libc_a-msizer.o)
                0x080085bc                _malloc_usable_size_r
 *(.glue_7)
 .glue_7        0x080085cc        0x0 linker stubs
 *(.glue_7t)
 .glue_7t       0x080085cc        0x0 linker stubs
 *(.eh_frame)
 .eh_frame      0x080085cc        0x0 C:/ST/STM32CubeIDE_1.16.1/STM32CubeIDE/plugins/com.st.stm32cube.ide.mcu.externaltools.gnu-tools-for-stm32.12.3.rel1.win32_1.0.200.202406191623/tools/bin/../lib/gcc/arm-none-eabi/12.3.1/thumb/v7e-m+fp/hard/crtbegin.o
 *(.init)
 .init          0x080085cc        0x4 C:/ST/STM32CubeIDE_1.16.1/STM32CubeIDE/plugins/com.st.stm32cube.ide.mcu.externaltools.gnu-tools-for-stm32.12.3.rel1.win32_1.0.200.202406191623/tools/bin/../lib/gcc/arm-none-eabi/12.3.1/thumb/v7e-m+fp/hard/crti.o
                0x080085cc                _init
 .init          0x080085d0        0x8 C:/ST/STM32CubeIDE_1.16.1/STM32CubeIDE/plugins/com.st.stm32cube.ide.mcu.externaltools.gnu-tools-for-stm32.12.3.rel1.win32_1.0.200.202406191623/tools/bin/../lib/gcc/arm-none-eabi/12.3.1/thumb/v7e-m+fp/hard/crtn.o
 *(.fini)
 .fini          0x080085d8        0x4 C:/ST/STM32CubeIDE_1.16.1/STM32CubeIDE/plugins/com.st.stm32cube.ide.mcu.externaltools.gnu-tools-for-stm32.12.3.rel1.win32_1.0.200.202406191623/tools/bin/../lib/gcc/arm-none-eabi/12.3.1/thumb/v7e-m+fp/hard/crti.o
                0x080085d8                _fini
 .fini          0x080085dc        0x8 C:/ST/STM32CubeIDE_1.16.1/STM32CubeIDE/plugins/com.st.stm32cube.ide.mcu.externaltools.gnu-tools-for-stm32.12.3.rel1.win32_1.0.200.202406191623/tools/bin/../lib/gcc/arm-none-eabi/12.3.1/thumb/v7e-m+fp/hard/crtn.o
                0x080085e4                        . = ALIGN (0x4)
                0x080085e4                        _etext = .

.vfp11_veneer   0x080085e4        0x0
 .vfp11_veneer  0x080085e4        0x0 linker stubs

.v4_bx          0x080085e4        0x0
 .v4_bx         0x080085e4        0x0 linker stubs

.iplt           0x080085e4        0x0
 .iplt          0x080085e4        0x0 C:/ST/STM32CubeIDE_1.16.1/STM32CubeIDE/plugins/com.st.stm32cube.ide.mcu.externaltools.gnu-tools-for-stm32.12.3.rel1.win32_1.0.200.202406191623/tools/bin/../lib/gcc/arm-none-eabi/12.3.1/thumb/v7e-m+fp/hard/crtbegin.o

.rodata         0x080085e4      0xadc
                0x080085e4                        . = ALIGN (0x4)
 *(.rodata)
 .rodata        0x080085e4      0x2e5 ./Core/Application/Src/main.o
 *(.rodata*)
 *fill*         0x080088c9        0x3 
 .rodata.AHBPrescTable
                0x080088cc       0x10 ./Core/Application/Src/system_stm32l4xx.o
                0x080088cc                AHBPrescTable
 .rodata.APBPrescTable
                0x080088dc        0x8 ./Core/Application/Src/system_stm32l4xx.o
                0x080088dc                APBPrescTable
 .rodata.MSIRangeTable
                0x080088e4       0x30 ./Core/Application/Src/system_stm32l4xx.o
                0x080088e4                MSIRangeTable
 .rodata.Font7x10
                0x08008914      0x76c ./Core/SSD1306/Src/ssd1306_fonts.o
 .rodata.Font_7x10
                0x08009080        0xc ./Core/SSD1306/Src/ssd1306_fonts.o
                0x08009080                Font_7x10
 .rodata._svfprintf_r.str1.1
                0x0800908c       0x11 C:/ST/STM32CubeIDE_1.16.1/STM32CubeIDE/plugins/com.st.stm32cube.ide.mcu.externaltools.gnu-tools-for-stm32.12.3.rel1.win32_1.0.200.202406191623/tools/bin/../lib/gcc/arm-none-eabi/12.3.1/../../../../arm-none-eabi/lib/thumb/v7e-m+fp/hard\libc_nano.a(libc_a-nano-svfprintf.o)
 .rodata._printf_i.str1.1
                0x0800909d       0x22 C:/ST/STM32CubeIDE_1.16.1/STM32CubeIDE/plugins/com.st.stm32cube.ide.mcu.externaltools.gnu-tools-for-stm32.12.3.rel1.win32_1.0.200.202406191623/tools/bin/../lib/gcc/arm-none-eabi/12.3.1/../../../../arm-none-eabi/lib/thumb/v7e-m+fp/hard\libc_nano.a(libc_a-nano-vfprintf_i.o)
                0x080090c0                        . = ALIGN (0x4)
 *fill*         0x080090bf        0x1 

.ARM.extab      0x080090c0        0x0
                0x080090c0                        . = ALIGN (0x4)
 *(.ARM.extab* .gnu.linkonce.armextab.*)
                0x080090c0                        . = ALIGN (0x4)

.ARM            0x080090c0        0x8
                0x080090c0                        . = ALIGN (0x4)
                0x080090c0                        __exidx_start = .
 *(.ARM.exidx*)
 .ARM.exidx     0x080090c0        0x8 C:/ST/STM32CubeIDE_1.16.1/STM32CubeIDE/plugins/com.st.stm32cube.ide.mcu.externaltools.gnu-tools-for-stm32.12.3.rel1.win32_1.0.200.202406191623/tools/bin/../lib/gcc/arm-none-eabi/12.3.1/../../../../arm-none-eabi/lib/thumb/v7e-m+fp/hard\libc_nano.a(libc_a-strlen.o)
 .ARM.exidx     0x080090c8        0x0 C:/ST/STM32CubeIDE_1.16.1/STM32CubeIDE/plugins/com.st.stm32cube.ide.mcu.externaltools.gnu-tools-for-stm32.12.3.rel1.win32_1.0.200.202406191623/tools/bin/../lib/gcc/arm-none-eabi/12.3.1/../../../../arm-none-eabi/lib/thumb/v7e-m+fp/hard\libc_nano.a(libc_a-memchr.o)
                                  0x8 (size before relaxing)
 .ARM.exidx     0x080090c8        0x0 C:/ST/STM32CubeIDE_1.16.1/STM32CubeIDE/plugins/com.st.stm32cube.ide.mcu.externaltools.gnu-tools-for-stm32.12.3.rel1.win32_1.0.200.202406191623/tools/bin/../lib/gcc/arm-none-eabi/12.3.1/thumb/v7e-m+fp/hard\libgcc.a(_udivmoddi4.o)
                                  0x8 (size before relaxing)
                0x080090c8                        __exidx_end = .
                0x080090c8                        . = ALIGN (0x4)

.preinit_array  0x080090c8        0x0
                0x080090c8                        . = ALIGN (0x4)
                0x080090c8                        PROVIDE (__preinit_array_start = .)
 *(.preinit_array*)
                0x080090c8                        PROVIDE (__preinit_array_end = .)
                0x080090c8                        . = ALIGN (0x4)

.init_array     0x080090c8        0x4
                0x080090c8                        . = ALIGN (0x4)
                0x080090c8                        PROVIDE (__init_array_start = .)
 *(SORT_BY_NAME(.init_array.*))
 *(.init_array*)
 .init_array    0x080090c8        0x4 C:/ST/STM32CubeIDE_1.16.1/STM32CubeIDE/plugins/com.st.stm32cube.ide.mcu.externaltools.gnu-tools-for-stm32.12.3.rel1.win32_1.0.200.202406191623/tools/bin/../lib/gcc/arm-none-eabi/12.3.1/thumb/v7e-m+fp/hard/crtbegin.o
                0x080090cc                        PROVIDE (__init_array_end = .)
                0x080090cc                        . = ALIGN (0x4)

.fini_array     0x080090cc        0x4
                0x080090cc                        . = ALIGN (0x4)
                [!provide]                        PROVIDE (__fini_array_start = .)
 *(SORT_BY_NAME(.fini_array.*))
 *(.fini_array*)
 .fini_array    0x080090cc        0x4 C:/ST/STM32CubeIDE_1.16.1/STM32CubeIDE/plugins/com.st.stm32cube.ide.mcu.externaltools.gnu-tools-for-stm32.12.3.rel1.win32_1.0.200.202406191623/tools/bin/../lib/gcc/arm-none-eabi/12.3.1/thumb/v7e-m+fp/hard/crtbegin.o
                [!provide]                        PROVIDE (__fini_array_end = .)
                0x080090d0                        . = ALIGN (0x4)
                0x080090d0                        _sidata = LOADADDR (.data)

.rel.dyn        0x080090d0        0x0
 .rel.iplt      0x080090d0        0x0 C:/ST/STM32CubeIDE_1.16.1/STM32CubeIDE/plugins/com.st.stm32cube.ide.mcu.externaltools.gnu-tools-for-stm32.12.3.rel1.win32_1.0.200.202406191623/tools/bin/../lib/gcc/arm-none-eabi/12.3.1/thumb/v7e-m+fp/hard/crtbegin.o

.data           0x20000000       0x68 load address 0x080090d0
                0x20000000                        . = ALIGN (0x4)
                0x20000000                        _sdata = .
 *(.data)
 *(.data*)
 .data.seg_digits
                0x20000000        0xa ./Core/7SegDisplay/Src/7seg.o
                0x20000000                seg_digits
 *fill*         0x2000000a        0x2 
 .data.SystemCoreClock
                0x2000000c        0x4 ./Core/Application/Src/system_stm32l4xx.o
                0x2000000c                SystemCoreClock
 .data.uwTickPrio
                0x20000010        0x4 ./Drivers/STM32L4xx_HAL_Driver/Src/stm32l4xx_hal.o
                0x20000010                uwTickPrio
 .data.uwTickFreq
                0x20000014        0x1 ./Drivers/STM32L4xx_HAL_Driver/Src/stm32l4xx_hal.o
                0x20000014                uwTickFreq
 *fill*         0x20000015        0x3 
 .data._impure_ptr
                0x20000018        0x4 C:/ST/STM32CubeIDE_1.16.1/STM32CubeIDE/plugins/com.st.stm32cube.ide.mcu.externaltools.gnu-tools-for-stm32.12.3.rel1.win32_1.0.200.202406191623/tools/bin/../lib/gcc/arm-none-eabi/12.3.1/../../../../arm-none-eabi/lib/thumb/v7e-m+fp/hard\libc_nano.a(libc_a-impure.o)
                0x20000018                _impure_ptr
 .data._impure_data
                0x2000001c       0x4c C:/ST/STM32CubeIDE_1.16.1/STM32CubeIDE/plugins/com.st.stm32cube.ide.mcu.externaltools.gnu-tools-for-stm32.12.3.rel1.win32_1.0.200.202406191623/tools/bin/../lib/gcc/arm-none-eabi/12.3.1/../../../../arm-none-eabi/lib/thumb/v7e-m+fp/hard\libc_nano.a(libc_a-impure.o)
                0x2000001c                _impure_data
 *(.RamFunc)
 *(.RamFunc*)
                0x20000068                        . = ALIGN (0x4)
                0x20000068                        _edata = .

.igot.plt       0x20000068        0x0 load address 0x08009138
 .igot.plt      0x20000068        0x0 C:/ST/STM32CubeIDE_1.16.1/STM32CubeIDE/plugins/com.st.stm32cube.ide.mcu.externaltools.gnu-tools-for-stm32.12.3.rel1.win32_1.0.200.202406191623/tools/bin/../lib/gcc/arm-none-eabi/12.3.1/thumb/v7e-m+fp/hard/crtbegin.o
                0x20000068                        . = ALIGN (0x4)

.bss            0x20000068      0x7f4 load address 0x08009138
                0x20000068                        _sbss = .
                0x20000068                        __bss_start__ = _sbss
 *(.bss)
 .bss           0x20000068       0x1c C:/ST/STM32CubeIDE_1.16.1/STM32CubeIDE/plugins/com.st.stm32cube.ide.mcu.externaltools.gnu-tools-for-stm32.12.3.rel1.win32_1.0.200.202406191623/tools/bin/../lib/gcc/arm-none-eabi/12.3.1/thumb/v7e-m+fp/hard/crtbegin.o
 *(.bss*)
 .bss.uart2_data
                0x20000084       0x14 ./Core/Application/Src/main.o
                0x20000084                uart2_data
 .bss.uart3_data
                0x20000098       0x14 ./Core/Application/Src/main.o
                0x20000098                uart3_data
 .bss.uart_error_status
                0x200000ac        0x1 ./Core/Application/Src/main.o
                0x200000ac                uart_error_status
 .bss.logging   0x200000ad        0x1 ./Core/Application/Src/main.o
                0x200000ad                logging
 .bss.moj_status
                0x200000ae        0x1 ./Core/Application/Src/main.o
                0x200000ae                moj_status
 *fill*         0x200000af        0x1 
 .bss.seven_seg_display
                0x200000b0        0x3 ./Core/Application/Src/main.o
                0x200000b0                seven_seg_display
 *fill*         0x200000b3        0x1 
 .bss.__sbrk_heap_end
                0x200000b4        0x4 ./Core/Application/Src/sysmem.o
 .bss.hadc1     0x200000b8       0x64 ./Core/Peripherals/ADC/adc.o
                0x200000b8                hadc1
 .bss.hi2c2     0x2000011c       0x54 ./Core/Peripherals/I2C/i2c.o
                0x2000011c                hi2c2
 .bss.huart4    0x20000170       0x88 ./Core/Peripherals/UART/usart.o
                0x20000170                huart4
 .bss.huart2    0x200001f8       0x88 ./Core/Peripherals/UART/usart.o
                0x200001f8                huart2
 .bss.huart3    0x20000280       0x88 ./Core/Peripherals/UART/usart.o
                0x20000280                huart3
 .bss.SSD1306_Buffer
                0x20000308      0x400 ./Core/SSD1306/Src/ssd1306.o
 .bss.SSD1306   0x20000708        0x6 ./Core/SSD1306/Src/ssd1306.o
 *fill*         0x2000070e        0x2 
 .bss.uwTick    0x20000710        0x4 ./Drivers/STM32L4xx_HAL_Driver/Src/stm32l4xx_hal.o
                0x20000710                uwTick
 .bss.__sf      0x20000714      0x138 C:/ST/STM32CubeIDE_1.16.1/STM32CubeIDE/plugins/com.st.stm32cube.ide.mcu.externaltools.gnu-tools-for-stm32.12.3.rel1.win32_1.0.200.202406191623/tools/bin/../lib/gcc/arm-none-eabi/12.3.1/../../../../arm-none-eabi/lib/thumb/v7e-m+fp/hard\libc_nano.a(libc_a-findfp.o)
                0x20000714                __sf
 .bss.errno     0x2000084c        0x4 C:/ST/STM32CubeIDE_1.16.1/STM32CubeIDE/plugins/com.st.stm32cube.ide.mcu.externaltools.gnu-tools-for-stm32.12.3.rel1.win32_1.0.200.202406191623/tools/bin/../lib/gcc/arm-none-eabi/12.3.1/../../../../arm-none-eabi/lib/thumb/v7e-m+fp/hard\libc_nano.a(libc_a-reent.o)
                0x2000084c                errno
 .bss.__lock___malloc_recursive_mutex
                0x20000850        0x1 C:/ST/STM32CubeIDE_1.16.1/STM32CubeIDE/plugins/com.st.stm32cube.ide.mcu.externaltools.gnu-tools-for-stm32.12.3.rel1.win32_1.0.200.202406191623/tools/bin/../lib/gcc/arm-none-eabi/12.3.1/../../../../arm-none-eabi/lib/thumb/v7e-m+fp/hard\libc_nano.a(libc_a-lock.o)
                0x20000850                __lock___malloc_recursive_mutex
 *fill*         0x20000851        0x3 
 .bss.__malloc_sbrk_start
                0x20000854        0x4 C:/ST/STM32CubeIDE_1.16.1/STM32CubeIDE/plugins/com.st.stm32cube.ide.mcu.externaltools.gnu-tools-for-stm32.12.3.rel1.win32_1.0.200.202406191623/tools/bin/../lib/gcc/arm-none-eabi/12.3.1/../../../../arm-none-eabi/lib/thumb/v7e-m+fp/hard\libc_nano.a(libc_a-mallocr.o)
                0x20000854                __malloc_sbrk_start
 .bss.__malloc_free_list
                0x20000858        0x4 C:/ST/STM32CubeIDE_1.16.1/STM32CubeIDE/plugins/com.st.stm32cube.ide.mcu.externaltools.gnu-tools-for-stm32.12.3.rel1.win32_1.0.200.202406191623/tools/bin/../lib/gcc/arm-none-eabi/12.3.1/../../../../arm-none-eabi/lib/thumb/v7e-m+fp/hard\libc_nano.a(libc_a-mallocr.o)
                0x20000858                __malloc_free_list
 *(COMMON)
                0x2000085c                        . = ALIGN (0x4)
                0x2000085c                        _ebss = .
                0x2000085c                        __bss_end__ = _ebss

._user_heap_stack
                0x2000085c      0x604 load address 0x08009138
                0x20000860                        . = ALIGN (0x8)
 *fill*         0x2000085c        0x4 
                [!provide]                        PROVIDE (end = .)
                0x20000860                        PROVIDE (_end = .)
                0x20000a60                        . = (. + _Min_Heap_Size)
 *fill*         0x20000860      0x200 
                0x20000e60                        . = (. + _Min_Stack_Size)
 *fill*         0x20000a60      0x400 
                0x20000e60                        . = ALIGN (0x8)

/DISCARD/
 libc.a(*)
 libm.a(*)
 libgcc.a(*)

.ARM.attributes
                0x00000000       0x30
 *(.ARM.attributes)
 .ARM.attributes
                0x00000000       0x22 C:/ST/STM32CubeIDE_1.16.1/STM32CubeIDE/plugins/com.st.stm32cube.ide.mcu.externaltools.gnu-tools-for-stm32.12.3.rel1.win32_1.0.200.202406191623/tools/bin/../lib/gcc/arm-none-eabi/12.3.1/thumb/v7e-m+fp/hard/crti.o
 .ARM.attributes
                0x00000022       0x34 C:/ST/STM32CubeIDE_1.16.1/STM32CubeIDE/plugins/com.st.stm32cube.ide.mcu.externaltools.gnu-tools-for-stm32.12.3.rel1.win32_1.0.200.202406191623/tools/bin/../lib/gcc/arm-none-eabi/12.3.1/thumb/v7e-m+fp/hard/crtbegin.o
 .ARM.attributes
                0x00000056       0x34 ./Core/7SegDisplay/Src/7seg.o
 .ARM.attributes
                0x0000008a       0x34 ./Core/Application/Src/main.o
 .ARM.attributes
                0x000000be       0x34 ./Core/Application/Src/stm32l4xx_hal_msp.o
 .ARM.attributes
                0x000000f2       0x34 ./Core/Application/Src/stm32l4xx_it.o
 .ARM.attributes
                0x00000126       0x34 ./Core/Application/Src/sysmem.o
 .ARM.attributes
                0x0000015a       0x34 ./Core/Application/Src/system_stm32l4xx.o
 .ARM.attributes
                0x0000018e       0x34 ./Core/Peripherals/ADC/adc.o
 .ARM.attributes
                0x000001c2       0x34 ./Core/Peripherals/GPIO/gpio.o
 .ARM.attributes
                0x000001f6       0x34 ./Core/Peripherals/I2C/i2c.o
 .ARM.attributes
                0x0000022a       0x34 ./Core/Peripherals/UART/usart.o
 .ARM.attributes
                0x0000025e       0x34 ./Core/SSD1306/Src/ssd1306.o
 .ARM.attributes
                0x00000292       0x34 ./Core/SSD1306/Src/ssd1306_fonts.o
 .ARM.attributes
                0x000002c6       0x21 ./Core/Startup/startup_stm32l476rgtx.o
 .ARM.attributes
                0x000002e7       0x34 ./Drivers/STM32L4xx_HAL_Driver/Src/stm32l4xx_hal.o
 .ARM.attributes
                0x0000031b       0x34 ./Drivers/STM32L4xx_HAL_Driver/Src/stm32l4xx_hal_adc.o
 .ARM.attributes
                0x0000034f       0x34 ./Drivers/STM32L4xx_HAL_Driver/Src/stm32l4xx_hal_adc_ex.o
 .ARM.attributes
                0x00000383       0x34 ./Drivers/STM32L4xx_HAL_Driver/Src/stm32l4xx_hal_cortex.o
 .ARM.attributes
                0x000003b7       0x34 ./Drivers/STM32L4xx_HAL_Driver/Src/stm32l4xx_hal_dma.o
 .ARM.attributes
                0x000003eb       0x34 ./Drivers/STM32L4xx_HAL_Driver/Src/stm32l4xx_hal_gpio.o
 .ARM.attributes
                0x0000041f       0x34 ./Drivers/STM32L4xx_HAL_Driver/Src/stm32l4xx_hal_i2c.o
 .ARM.attributes
                0x00000453       0x34 ./Drivers/STM32L4xx_HAL_Driver/Src/stm32l4xx_hal_i2c_ex.o
 .ARM.attributes
                0x00000487       0x34 ./Drivers/STM32L4xx_HAL_Driver/Src/stm32l4xx_hal_pwr_ex.o
 .ARM.attributes
                0x000004bb       0x34 ./Drivers/STM32L4xx_HAL_Driver/Src/stm32l4xx_hal_rcc.o
 .ARM.attributes
                0x000004ef       0x34 ./Drivers/STM32L4xx_HAL_Driver/Src/stm32l4xx_hal_rcc_ex.o
 .ARM.attributes
                0x00000523       0x34 ./Drivers/STM32L4xx_HAL_Driver/Src/stm32l4xx_hal_uart.o
 .ARM.attributes
                0x00000557       0x34 ./Drivers/STM32L4xx_HAL_Driver/Src/stm32l4xx_hal_uart_ex.o
 .ARM.attributes
                0x0000058b       0x34 C:/ST/STM32CubeIDE_1.16.1/STM32CubeIDE/plugins/com.st.stm32cube.ide.mcu.externaltools.gnu-tools-for-stm32.12.3.rel1.win32_1.0.200.202406191623/tools/bin/../lib/gcc/arm-none-eabi/12.3.1/../../../../arm-none-eabi/lib/thumb/v7e-m+fp/hard\libc_nano.a(libc_a-findfp.o)
 .ARM.attributes
                0x000005bf       0x34 C:/ST/STM32CubeIDE_1.16.1/STM32CubeIDE/plugins/com.st.stm32cube.ide.mcu.externaltools.gnu-tools-for-stm32.12.3.rel1.win32_1.0.200.202406191623/tools/bin/../lib/gcc/arm-none-eabi/12.3.1/../../../../arm-none-eabi/lib/thumb/v7e-m+fp/hard\libc_nano.a(libc_a-sprintf.o)
 .ARM.attributes
                0x000005f3       0x34 C:/ST/STM32CubeIDE_1.16.1/STM32CubeIDE/plugins/com.st.stm32cube.ide.mcu.externaltools.gnu-tools-for-stm32.12.3.rel1.win32_1.0.200.202406191623/tools/bin/../lib/gcc/arm-none-eabi/12.3.1/../../../../arm-none-eabi/lib/thumb/v7e-m+fp/hard\libc_nano.a(libc_a-memmove.o)
 .ARM.attributes
                0x00000627       0x34 C:/ST/STM32CubeIDE_1.16.1/STM32CubeIDE/plugins/com.st.stm32cube.ide.mcu.externaltools.gnu-tools-for-stm32.12.3.rel1.win32_1.0.200.202406191623/tools/bin/../lib/gcc/arm-none-eabi/12.3.1/../../../../arm-none-eabi/lib/thumb/v7e-m+fp/hard\libc_nano.a(libc_a-memset.o)
 .ARM.attributes
                0x0000065b       0x34 C:/ST/STM32CubeIDE_1.16.1/STM32CubeIDE/plugins/com.st.stm32cube.ide.mcu.externaltools.gnu-tools-for-stm32.12.3.rel1.win32_1.0.200.202406191623/tools/bin/../lib/gcc/arm-none-eabi/12.3.1/../../../../arm-none-eabi/lib/thumb/v7e-m+fp/hard\libc_nano.a(libc_a-reent.o)
 .ARM.attributes
                0x0000068f       0x34 C:/ST/STM32CubeIDE_1.16.1/STM32CubeIDE/plugins/com.st.stm32cube.ide.mcu.externaltools.gnu-tools-for-stm32.12.3.rel1.win32_1.0.200.202406191623/tools/bin/../lib/gcc/arm-none-eabi/12.3.1/../../../../arm-none-eabi/lib/thumb/v7e-m+fp/hard\libc_nano.a(libc_a-impure.o)
 .ARM.attributes
                0x000006c3       0x34 C:/ST/STM32CubeIDE_1.16.1/STM32CubeIDE/plugins/com.st.stm32cube.ide.mcu.externaltools.gnu-tools-for-stm32.12.3.rel1.win32_1.0.200.202406191623/tools/bin/../lib/gcc/arm-none-eabi/12.3.1/../../../../arm-none-eabi/lib/thumb/v7e-m+fp/hard\libc_nano.a(libc_a-errno.o)
 .ARM.attributes
                0x000006f7       0x34 C:/ST/STM32CubeIDE_1.16.1/STM32CubeIDE/plugins/com.st.stm32cube.ide.mcu.externaltools.gnu-tools-for-stm32.12.3.rel1.win32_1.0.200.202406191623/tools/bin/../lib/gcc/arm-none-eabi/12.3.1/../../../../arm-none-eabi/lib/thumb/v7e-m+fp/hard\libc_nano.a(libc_a-init.o)
 .ARM.attributes
                0x0000072b       0x34 C:/ST/STM32CubeIDE_1.16.1/STM32CubeIDE/plugins/com.st.stm32cube.ide.mcu.externaltools.gnu-tools-for-stm32.12.3.rel1.win32_1.0.200.202406191623/tools/bin/../lib/gcc/arm-none-eabi/12.3.1/../../../../arm-none-eabi/lib/thumb/v7e-m+fp/hard\libc_nano.a(libc_a-lock.o)
 .ARM.attributes
                0x0000075f       0x34 C:/ST/STM32CubeIDE_1.16.1/STM32CubeIDE/plugins/com.st.stm32cube.ide.mcu.externaltools.gnu-tools-for-stm32.12.3.rel1.win32_1.0.200.202406191623/tools/bin/../lib/gcc/arm-none-eabi/12.3.1/../../../../arm-none-eabi/lib/thumb/v7e-m+fp/hard\libc_nano.a(libc_a-memcpy-stub.o)
 .ARM.attributes
                0x00000793       0x17 C:/ST/STM32CubeIDE_1.16.1/STM32CubeIDE/plugins/com.st.stm32cube.ide.mcu.externaltools.gnu-tools-for-stm32.12.3.rel1.win32_1.0.200.202406191623/tools/bin/../lib/gcc/arm-none-eabi/12.3.1/../../../../arm-none-eabi/lib/thumb/v7e-m+fp/hard\libc_nano.a(libc_a-strlen.o)
 .ARM.attributes
                0x000007aa       0x34 C:/ST/STM32CubeIDE_1.16.1/STM32CubeIDE/plugins/com.st.stm32cube.ide.mcu.externaltools.gnu-tools-for-stm32.12.3.rel1.win32_1.0.200.202406191623/tools/bin/../lib/gcc/arm-none-eabi/12.3.1/../../../../arm-none-eabi/lib/thumb/v7e-m+fp/hard\libc_nano.a(libc_a-freer.o)
 .ARM.attributes
                0x000007de       0x34 C:/ST/STM32CubeIDE_1.16.1/STM32CubeIDE/plugins/com.st.stm32cube.ide.mcu.externaltools.gnu-tools-for-stm32.12.3.rel1.win32_1.0.200.202406191623/tools/bin/../lib/gcc/arm-none-eabi/12.3.1/../../../../arm-none-eabi/lib/thumb/v7e-m+fp/hard\libc_nano.a(libc_a-mallocr.o)
 .ARM.attributes
                0x00000812       0x34 C:/ST/STM32CubeIDE_1.16.1/STM32CubeIDE/plugins/com.st.stm32cube.ide.mcu.externaltools.gnu-tools-for-stm32.12.3.rel1.win32_1.0.200.202406191623/tools/bin/../lib/gcc/arm-none-eabi/12.3.1/../../../../arm-none-eabi/lib/thumb/v7e-m+fp/hard\libc_nano.a(libc_a-mlock.o)
 .ARM.attributes
                0x00000846       0x34 C:/ST/STM32CubeIDE_1.16.1/STM32CubeIDE/plugins/com.st.stm32cube.ide.mcu.externaltools.gnu-tools-for-stm32.12.3.rel1.win32_1.0.200.202406191623/tools/bin/../lib/gcc/arm-none-eabi/12.3.1/../../../../arm-none-eabi/lib/thumb/v7e-m+fp/hard\libc_nano.a(libc_a-nano-svfprintf.o)
 .ARM.attributes
                0x0000087a       0x34 C:/ST/STM32CubeIDE_1.16.1/STM32CubeIDE/plugins/com.st.stm32cube.ide.mcu.externaltools.gnu-tools-for-stm32.12.3.rel1.win32_1.0.200.202406191623/tools/bin/../lib/gcc/arm-none-eabi/12.3.1/../../../../arm-none-eabi/lib/thumb/v7e-m+fp/hard\libc_nano.a(libc_a-nano-vfprintf_i.o)
 .ARM.attributes
                0x000008ae       0x34 C:/ST/STM32CubeIDE_1.16.1/STM32CubeIDE/plugins/com.st.stm32cube.ide.mcu.externaltools.gnu-tools-for-stm32.12.3.rel1.win32_1.0.200.202406191623/tools/bin/../lib/gcc/arm-none-eabi/12.3.1/../../../../arm-none-eabi/lib/thumb/v7e-m+fp/hard\libc_nano.a(libc_a-sbrkr.o)
 .ARM.attributes
                0x000008e2       0x1c C:/ST/STM32CubeIDE_1.16.1/STM32CubeIDE/plugins/com.st.stm32cube.ide.mcu.externaltools.gnu-tools-for-stm32.12.3.rel1.win32_1.0.200.202406191623/tools/bin/../lib/gcc/arm-none-eabi/12.3.1/../../../../arm-none-eabi/lib/thumb/v7e-m+fp/hard\libc_nano.a(libc_a-memchr.o)
 .ARM.attributes
                0x000008fe       0x34 C:/ST/STM32CubeIDE_1.16.1/STM32CubeIDE/plugins/com.st.stm32cube.ide.mcu.externaltools.gnu-tools-for-stm32.12.3.rel1.win32_1.0.200.202406191623/tools/bin/../lib/gcc/arm-none-eabi/12.3.1/../../../../arm-none-eabi/lib/thumb/v7e-m+fp/hard\libc_nano.a(libc_a-reallocr.o)
 .ARM.attributes
                0x00000932       0x34 C:/ST/STM32CubeIDE_1.16.1/STM32CubeIDE/plugins/com.st.stm32cube.ide.mcu.externaltools.gnu-tools-for-stm32.12.3.rel1.win32_1.0.200.202406191623/tools/bin/../lib/gcc/arm-none-eabi/12.3.1/../../../../arm-none-eabi/lib/thumb/v7e-m+fp/hard\libc_nano.a(libc_a-msizer.o)
 .ARM.attributes
                0x00000966       0x22 C:/ST/STM32CubeIDE_1.16.1/STM32CubeIDE/plugins/com.st.stm32cube.ide.mcu.externaltools.gnu-tools-for-stm32.12.3.rel1.win32_1.0.200.202406191623/tools/bin/../lib/gcc/arm-none-eabi/12.3.1/thumb/v7e-m+fp/hard\libgcc.a(_arm_addsubdf3.o)
 .ARM.attributes
                0x00000988       0x22 C:/ST/STM32CubeIDE_1.16.1/STM32CubeIDE/plugins/com.st.stm32cube.ide.mcu.externaltools.gnu-tools-for-stm32.12.3.rel1.win32_1.0.200.202406191623/tools/bin/../lib/gcc/arm-none-eabi/12.3.1/thumb/v7e-m+fp/hard\libgcc.a(_arm_muldivdf3.o)
 .ARM.attributes
                0x000009aa       0x22 C:/ST/STM32CubeIDE_1.16.1/STM32CubeIDE/plugins/com.st.stm32cube.ide.mcu.externaltools.gnu-tools-for-stm32.12.3.rel1.win32_1.0.200.202406191623/tools/bin/../lib/gcc/arm-none-eabi/12.3.1/thumb/v7e-m+fp/hard\libgcc.a(_arm_fixunsdfsi.o)
 .ARM.attributes
                0x000009cc       0x22 C:/ST/STM32CubeIDE_1.16.1/STM32CubeIDE/plugins/com.st.stm32cube.ide.mcu.externaltools.gnu-tools-for-stm32.12.3.rel1.win32_1.0.200.202406191623/tools/bin/../lib/gcc/arm-none-eabi/12.3.1/thumb/v7e-m+fp/hard\libgcc.a(_aeabi_uldivmod.o)
 .ARM.attributes
                0x000009ee       0x34 C:/ST/STM32CubeIDE_1.16.1/STM32CubeIDE/plugins/com.st.stm32cube.ide.mcu.externaltools.gnu-tools-for-stm32.12.3.rel1.win32_1.0.200.202406191623/tools/bin/../lib/gcc/arm-none-eabi/12.3.1/thumb/v7e-m+fp/hard\libgcc.a(_udivmoddi4.o)
 .ARM.attributes
                0x00000a22       0x22 C:/ST/STM32CubeIDE_1.16.1/STM32CubeIDE/plugins/com.st.stm32cube.ide.mcu.externaltools.gnu-tools-for-stm32.12.3.rel1.win32_1.0.200.202406191623/tools/bin/../lib/gcc/arm-none-eabi/12.3.1/thumb/v7e-m+fp/hard\libgcc.a(_dvmd_tls.o)
 .ARM.attributes
                0x00000a44       0x22 C:/ST/STM32CubeIDE_1.16.1/STM32CubeIDE/plugins/com.st.stm32cube.ide.mcu.externaltools.gnu-tools-for-stm32.12.3.rel1.win32_1.0.200.202406191623/tools/bin/../lib/gcc/arm-none-eabi/12.3.1/thumb/v7e-m+fp/hard/crtn.o
OUTPUT(Bridge_connection.elf elf32-littlearm)
LOAD linker stubs
LOAD C:/ST/STM32CubeIDE_1.16.1/STM32CubeIDE/plugins/com.st.stm32cube.ide.mcu.externaltools.gnu-tools-for-stm32.12.3.rel1.win32_1.0.200.202406191623/tools/bin/../lib/gcc/arm-none-eabi/12.3.1/../../../../arm-none-eabi/lib/thumb/v7e-m+fp/hard\libc.a
LOAD C:/ST/STM32CubeIDE_1.16.1/STM32CubeIDE/plugins/com.st.stm32cube.ide.mcu.externaltools.gnu-tools-for-stm32.12.3.rel1.win32_1.0.200.202406191623/tools/bin/../lib/gcc/arm-none-eabi/12.3.1/../../../../arm-none-eabi/lib/thumb/v7e-m+fp/hard\libm.a
LOAD C:/ST/STM32CubeIDE_1.16.1/STM32CubeIDE/plugins/com.st.stm32cube.ide.mcu.externaltools.gnu-tools-for-stm32.12.3.rel1.win32_1.0.200.202406191623/tools/bin/../lib/gcc/arm-none-eabi/12.3.1/thumb/v7e-m+fp/hard\libgcc.a

.debug_info     0x00000000    0x16d21
 .debug_info    0x00000000      0x22a ./Core/7SegDisplay/Src/7seg.o
 .debug_info    0x0000022a     0x13ba ./Core/Application/Src/main.o
 .debug_info    0x000015e4      0x2b9 ./Core/Application/Src/stm32l4xx_hal_msp.o
 .debug_info    0x0000189d      0xbc4 ./Core/Application/Src/stm32l4xx_it.o
 .debug_info    0x00002461      0x168 ./Core/Application/Src/sysmem.o
 .debug_info    0x000025c9      0x5aa ./Core/Application/Src/system_stm32l4xx.o
 .debug_info    0x00002b73     0x1130 ./Core/Peripherals/ADC/adc.o
 .debug_info    0x00003ca3      0x6be ./Core/Peripherals/GPIO/gpio.o
 .debug_info    0x00004361      0xcb0 ./Core/Peripherals/I2C/i2c.o
 .debug_info    0x00005011     0x1054 ./Core/Peripherals/UART/usart.o
 .debug_info    0x00006065     0x12e3 ./Core/SSD1306/Src/ssd1306.o
 .debug_info    0x00007348      0x2a4 ./Core/SSD1306/Src/ssd1306_fonts.o
 .debug_info    0x000075ec       0x30 ./Core/Startup/startup_stm32l476rgtx.o
 .debug_info    0x0000761c      0xaeb ./Drivers/STM32L4xx_HAL_Driver/Src/stm32l4xx_hal.o
 .debug_info    0x00008107     0x1db8 ./Drivers/STM32L4xx_HAL_Driver/Src/stm32l4xx_hal_adc.o
 .debug_info    0x00009ebf     0x1b24 ./Drivers/STM32L4xx_HAL_Driver/Src/stm32l4xx_hal_adc_ex.o
 .debug_info    0x0000b9e3      0xd81 ./Drivers/STM32L4xx_HAL_Driver/Src/stm32l4xx_hal_cortex.o
 .debug_info    0x0000c764      0x6f4 ./Drivers/STM32L4xx_HAL_Driver/Src/stm32l4xx_hal_dma.o
 .debug_info    0x0000ce58      0x757 ./Drivers/STM32L4xx_HAL_Driver/Src/stm32l4xx_hal_gpio.o
 .debug_info    0x0000d5af     0x20d2 ./Drivers/STM32L4xx_HAL_Driver/Src/stm32l4xx_hal_i2c.o
 .debug_info    0x0000f681      0x975 ./Drivers/STM32L4xx_HAL_Driver/Src/stm32l4xx_hal_i2c_ex.o
 .debug_info    0x0000fff6      0x99e ./Drivers/STM32L4xx_HAL_Driver/Src/stm32l4xx_hal_pwr_ex.o
 .debug_info    0x00010994      0xc14 ./Drivers/STM32L4xx_HAL_Driver/Src/stm32l4xx_hal_rcc.o
 .debug_info    0x000115a8      0xe11 ./Drivers/STM32L4xx_HAL_Driver/Src/stm32l4xx_hal_rcc_ex.o
 .debug_info    0x000123b9     0x3b69 ./Drivers/STM32L4xx_HAL_Driver/Src/stm32l4xx_hal_uart.o
 .debug_info    0x00015f22      0xdff ./Drivers/STM32L4xx_HAL_Driver/Src/stm32l4xx_hal_uart_ex.o

.debug_abbrev   0x00000000     0x3404
 .debug_abbrev  0x00000000      0x13d ./Core/7SegDisplay/Src/7seg.o
 .debug_abbrev  0x0000013d      0x2dd ./Core/Application/Src/main.o
 .debug_abbrev  0x0000041a       0xc6 ./Core/Application/Src/stm32l4xx_hal_msp.o
 .debug_abbrev  0x000004e0      0x1b2 ./Core/Application/Src/stm32l4xx_it.o
 .debug_abbrev  0x00000692       0xbc ./Core/Application/Src/sysmem.o
 .debug_abbrev  0x0000074e      0x11a ./Core/Application/Src/system_stm32l4xx.o
 .debug_abbrev  0x00000868      0x1f8 ./Core/Peripherals/ADC/adc.o
 .debug_abbrev  0x00000a60      0x15b ./Core/Peripherals/GPIO/gpio.o
 .debug_abbrev  0x00000bbb      0x212 ./Core/Peripherals/I2C/i2c.o
 .debug_abbrev  0x00000dcd      0x201 ./Core/Peripherals/UART/usart.o
 .debug_abbrev  0x00000fce      0x34b ./Core/SSD1306/Src/ssd1306.o
 .debug_abbrev  0x00001319       0xcf ./Core/SSD1306/Src/ssd1306_fonts.o
 .debug_abbrev  0x000013e8       0x24 ./Core/Startup/startup_stm32l476rgtx.o
 .debug_abbrev  0x0000140c      0x242 ./Drivers/STM32L4xx_HAL_Driver/Src/stm32l4xx_hal.o
 .debug_abbrev  0x0000164e      0x2de ./Drivers/STM32L4xx_HAL_Driver/Src/stm32l4xx_hal_adc.o
 .debug_abbrev  0x0000192c      0x2f1 ./Drivers/STM32L4xx_HAL_Driver/Src/stm32l4xx_hal_adc_ex.o
 .debug_abbrev  0x00001c1d      0x31c ./Drivers/STM32L4xx_HAL_Driver/Src/stm32l4xx_hal_cortex.o
 .debug_abbrev  0x00001f39      0x1e4 ./Drivers/STM32L4xx_HAL_Driver/Src/stm32l4xx_hal_dma.o
 .debug_abbrev  0x0000211d      0x1cb ./Drivers/STM32L4xx_HAL_Driver/Src/stm32l4xx_hal_gpio.o
 .debug_abbrev  0x000022e8      0x261 ./Drivers/STM32L4xx_HAL_Driver/Src/stm32l4xx_hal_i2c.o
 .debug_abbrev  0x00002549      0x1c3 ./Drivers/STM32L4xx_HAL_Driver/Src/stm32l4xx_hal_i2c_ex.o
 .debug_abbrev  0x0000270c      0x1f9 ./Drivers/STM32L4xx_HAL_Driver/Src/stm32l4xx_hal_pwr_ex.o
 .debug_abbrev  0x00002905      0x2cb ./Drivers/STM32L4xx_HAL_Driver/Src/stm32l4xx_hal_rcc.o
 .debug_abbrev  0x00002bd0      0x2a6 ./Drivers/STM32L4xx_HAL_Driver/Src/stm32l4xx_hal_rcc_ex.o
 .debug_abbrev  0x00002e76      0x2d0 ./Drivers/STM32L4xx_HAL_Driver/Src/stm32l4xx_hal_uart.o
 .debug_abbrev  0x00003146      0x2be ./Drivers/STM32L4xx_HAL_Driver/Src/stm32l4xx_hal_uart_ex.o

.debug_aranges  0x00000000     0x1290
 .debug_aranges
                0x00000000       0x20 ./Core/7SegDisplay/Src/7seg.o
 .debug_aranges
                0x00000020       0x58 ./Core/Application/Src/main.o
 .debug_aranges
                0x00000078       0x20 ./Core/Application/Src/stm32l4xx_hal_msp.o
 .debug_aranges
                0x00000098       0x90 ./Core/Application/Src/stm32l4xx_it.o
 .debug_aranges
                0x00000128       0x20 ./Core/Application/Src/sysmem.o
 .debug_aranges
                0x00000148       0x28 ./Core/Application/Src/system_stm32l4xx.o
 .debug_aranges
                0x00000170       0x30 ./Core/Peripherals/ADC/adc.o
 .debug_aranges
                0x000001a0       0x20 ./Core/Peripherals/GPIO/gpio.o
 .debug_aranges
                0x000001c0       0x30 ./Core/Peripherals/I2C/i2c.o
 .debug_aranges
                0x000001f0       0x40 ./Core/Peripherals/UART/usart.o
 .debug_aranges
                0x00000230       0xe8 ./Core/SSD1306/Src/ssd1306.o
 .debug_aranges
                0x00000318       0x18 ./Core/SSD1306/Src/ssd1306_fonts.o
 .debug_aranges
                0x00000330       0x28 ./Core/Startup/startup_stm32l476rgtx.o
 .debug_aranges
                0x00000358      0x130 ./Drivers/STM32L4xx_HAL_Driver/Src/stm32l4xx_hal.o
 .debug_aranges
                0x00000488      0x220 ./Drivers/STM32L4xx_HAL_Driver/Src/stm32l4xx_hal_adc.o
 .debug_aranges
                0x000006a8      0x1a8 ./Drivers/STM32L4xx_HAL_Driver/Src/stm32l4xx_hal_adc_ex.o
 .debug_aranges
                0x00000850      0x128 ./Drivers/STM32L4xx_HAL_Driver/Src/stm32l4xx_hal_cortex.o
 .debug_aranges
                0x00000978       0x80 ./Drivers/STM32L4xx_HAL_Driver/Src/stm32l4xx_hal_dma.o
 .debug_aranges
                0x000009f8       0x58 ./Drivers/STM32L4xx_HAL_Driver/Src/stm32l4xx_hal_gpio.o
 .debug_aranges
                0x00000a50      0x2a0 ./Drivers/STM32L4xx_HAL_Driver/Src/stm32l4xx_hal_i2c.o
 .debug_aranges
                0x00000cf0       0x48 ./Drivers/STM32L4xx_HAL_Driver/Src/stm32l4xx_hal_i2c_ex.o
 .debug_aranges
                0x00000d38      0x160 ./Drivers/STM32L4xx_HAL_Driver/Src/stm32l4xx_hal_pwr_ex.o
 .debug_aranges
                0x00000e98       0x90 ./Drivers/STM32L4xx_HAL_Driver/Src/stm32l4xx_hal_rcc.o
 .debug_aranges
                0x00000f28       0xc0 ./Drivers/STM32L4xx_HAL_Driver/Src/stm32l4xx_hal_rcc_ex.o
 .debug_aranges
                0x00000fe8      0x228 ./Drivers/STM32L4xx_HAL_Driver/Src/stm32l4xx_hal_uart.o
 .debug_aranges
                0x00001210       0x80 ./Drivers/STM32L4xx_HAL_Driver/Src/stm32l4xx_hal_uart_ex.o

.debug_rnglists
                0x00000000      0xe55
 .debug_rnglists
                0x00000000       0x14 ./Core/7SegDisplay/Src/7seg.o
 .debug_rnglists
                0x00000014       0x52 ./Core/Application/Src/main.o
 .debug_rnglists
                0x00000066       0x13 ./Core/Application/Src/stm32l4xx_hal_msp.o
 .debug_rnglists
                0x00000079       0x67 ./Core/Application/Src/stm32l4xx_it.o
 .debug_rnglists
                0x000000e0       0x13 ./Core/Application/Src/sysmem.o
 .debug_rnglists
                0x000000f3       0x1a ./Core/Application/Src/system_stm32l4xx.o
 .debug_rnglists
                0x0000010d       0x21 ./Core/Peripherals/ADC/adc.o
 .debug_rnglists
                0x0000012e       0x14 ./Core/Peripherals/GPIO/gpio.o
 .debug_rnglists
                0x00000142       0x21 ./Core/Peripherals/I2C/i2c.o
 .debug_rnglists
                0x00000163       0x2d ./Core/Peripherals/UART/usart.o
 .debug_rnglists
                0x00000190       0xb4 ./Core/SSD1306/Src/ssd1306.o
 .debug_rnglists
                0x00000244       0x19 ./Core/Startup/startup_stm32l476rgtx.o
 .debug_rnglists
                0x0000025d       0xdf ./Drivers/STM32L4xx_HAL_Driver/Src/stm32l4xx_hal.o
 .debug_rnglists
                0x0000033c      0x1b1 ./Drivers/STM32L4xx_HAL_Driver/Src/stm32l4xx_hal_adc.o
 .debug_rnglists
                0x000004ed      0x148 ./Drivers/STM32L4xx_HAL_Driver/Src/stm32l4xx_hal_adc_ex.o
 .debug_rnglists
                0x00000635       0xda ./Drivers/STM32L4xx_HAL_Driver/Src/stm32l4xx_hal_cortex.o
 .debug_rnglists
                0x0000070f       0x64 ./Drivers/STM32L4xx_HAL_Driver/Src/stm32l4xx_hal_dma.o
 .debug_rnglists
                0x00000773       0x3f ./Drivers/STM32L4xx_HAL_Driver/Src/stm32l4xx_hal_gpio.o
 .debug_rnglists
                0x000007b2      0x228 ./Drivers/STM32L4xx_HAL_Driver/Src/stm32l4xx_hal_i2c.o
 .debug_rnglists
                0x000009da       0x35 ./Drivers/STM32L4xx_HAL_Driver/Src/stm32l4xx_hal_i2c_ex.o
 .debug_rnglists
                0x00000a0f      0x109 ./Drivers/STM32L4xx_HAL_Driver/Src/stm32l4xx_hal_pwr_ex.o
 .debug_rnglists
                0x00000b18       0x6d ./Drivers/STM32L4xx_HAL_Driver/Src/stm32l4xx_hal_rcc.o
 .debug_rnglists
                0x00000b85       0x95 ./Drivers/STM32L4xx_HAL_Driver/Src/stm32l4xx_hal_rcc_ex.o
 .debug_rnglists
                0x00000c1a      0x1db ./Drivers/STM32L4xx_HAL_Driver/Src/stm32l4xx_hal_uart.o
 .debug_rnglists
                0x00000df5       0x60 ./Drivers/STM32L4xx_HAL_Driver/Src/stm32l4xx_hal_uart_ex.o

.debug_macro    0x00000000    0x29428
 .debug_macro   0x00000000      0x200 ./Core/7SegDisplay/Src/7seg.o
 .debug_macro   0x00000200      0xaa2 ./Core/7SegDisplay/Src/7seg.o
 .debug_macro   0x00000ca2      0x1ad ./Core/7SegDisplay/Src/7seg.o
 .debug_macro   0x00000e4f       0x34 ./Core/7SegDisplay/Src/7seg.o
 .debug_macro   0x00000e83       0x28 ./Core/7SegDisplay/Src/7seg.o
 .debug_macro   0x00000eab       0x22 ./Core/7SegDisplay/Src/7seg.o
 .debug_macro   0x00000ecd       0x8e ./Core/7SegDisplay/Src/7seg.o
 .debug_macro   0x00000f5b       0x51 ./Core/7SegDisplay/Src/7seg.o
 .debug_macro   0x00000fac      0x103 ./Core/7SegDisplay/Src/7seg.o
 .debug_macro   0x000010af       0x6a ./Core/7SegDisplay/Src/7seg.o
 .debug_macro   0x00001119      0x1df ./Core/7SegDisplay/Src/7seg.o
 .debug_macro   0x000012f8       0x1c ./Core/7SegDisplay/Src/7seg.o
 .debug_macro   0x00001314       0x22 ./Core/7SegDisplay/Src/7seg.o
 .debug_macro   0x00001336       0xfb ./Core/7SegDisplay/Src/7seg.o
 .debug_macro   0x00001431     0x1011 ./Core/7SegDisplay/Src/7seg.o
 .debug_macro   0x00002442      0x11f ./Core/7SegDisplay/Src/7seg.o
 .debug_macro   0x00002561    0x1a17a ./Core/7SegDisplay/Src/7seg.o
 .debug_macro   0x0001c6db       0x6d ./Core/7SegDisplay/Src/7seg.o
 .debug_macro   0x0001c748     0x38fb ./Core/7SegDisplay/Src/7seg.o
 .debug_macro   0x00020043      0x189 ./Core/7SegDisplay/Src/7seg.o
 .debug_macro   0x000201cc       0x5c ./Core/7SegDisplay/Src/7seg.o
 .debug_macro   0x00020228     0x159e ./Core/7SegDisplay/Src/7seg.o
 .debug_macro   0x000217c6      0x5a5 ./Core/7SegDisplay/Src/7seg.o
 .debug_macro   0x00021d6b      0x1b9 ./Core/7SegDisplay/Src/7seg.o
 .debug_macro   0x00021f24      0x18b ./Core/7SegDisplay/Src/7seg.o
 .debug_macro   0x000220af      0x26b ./Core/7SegDisplay/Src/7seg.o
 .debug_macro   0x0002231a      0x23d ./Core/7SegDisplay/Src/7seg.o
 .debug_macro   0x00022557      0xf91 ./Core/7SegDisplay/Src/7seg.o
 .debug_macro   0x000234e8      0x632 ./Core/7SegDisplay/Src/7seg.o
 .debug_macro   0x00023b1a      0x30c ./Core/7SegDisplay/Src/7seg.o
 .debug_macro   0x00023e26      0x241 ./Core/7SegDisplay/Src/7seg.o
 .debug_macro   0x00024067      0x37c ./Core/7SegDisplay/Src/7seg.o
 .debug_macro   0x000243e3       0xd6 ./Core/7SegDisplay/Src/7seg.o
 .debug_macro   0x000244b9      0x22c ./Core/7SegDisplay/Src/7seg.o
 .debug_macro   0x000246e5       0x61 ./Core/7SegDisplay/Src/7seg.o
 .debug_macro   0x00024746       0xa5 ./Core/7SegDisplay/Src/7seg.o
 .debug_macro   0x000247eb      0x122 ./Core/7SegDisplay/Src/7seg.o
 .debug_macro   0x0002490d      0x3ef ./Core/7SegDisplay/Src/7seg.o
 .debug_macro   0x00024cfc      0x5cf ./Core/7SegDisplay/Src/7seg.o
 .debug_macro   0x000252cb       0x44 ./Core/7SegDisplay/Src/7seg.o
 .debug_macro   0x0002530f      0x330 ./Core/7SegDisplay/Src/7seg.o
 .debug_macro   0x0002563f       0x76 ./Core/7SegDisplay/Src/7seg.o
 .debug_macro   0x000256b5      0x362 ./Core/Application/Src/main.o
 .debug_macro   0x00025a17       0x61 ./Core/Application/Src/main.o
 .debug_macro   0x00025a78       0x2a ./Core/Application/Src/main.o
 .debug_macro   0x00025aa2       0x43 ./Core/Application/Src/main.o
 .debug_macro   0x00025ae5       0x34 ./Core/Application/Src/main.o
 .debug_macro   0x00025b19       0x46 ./Core/Application/Src/main.o
 .debug_macro   0x00025b5f       0x4c ./Core/Application/Src/main.o
 .debug_macro   0x00025bab       0x16 ./Core/Application/Src/main.o
 .debug_macro   0x00025bc1       0x43 ./Core/Application/Src/main.o
 .debug_macro   0x00025c04       0x34 ./Core/Application/Src/main.o
 .debug_macro   0x00025c38       0x10 ./Core/Application/Src/main.o
 .debug_macro   0x00025c48       0x58 ./Core/Application/Src/main.o
 .debug_macro   0x00025ca0       0x8e ./Core/Application/Src/main.o
 .debug_macro   0x00025d2e       0x1c ./Core/Application/Src/main.o
 .debug_macro   0x00025d4a      0x177 ./Core/Application/Src/main.o
 .debug_macro   0x00025ec1      0x369 ./Core/Application/Src/main.o
 .debug_macro   0x0002622a       0x10 ./Core/Application/Src/main.o
 .debug_macro   0x0002623a       0x35 ./Core/Application/Src/main.o
 .debug_macro   0x0002626f       0x20 ./Core/Application/Src/main.o
 .debug_macro   0x0002628f      0x1ed ./Core/Application/Src/stm32l4xx_hal_msp.o
 .debug_macro   0x0002647c      0x1f7 ./Core/Application/Src/stm32l4xx_it.o
 .debug_macro   0x00026673       0xff ./Core/Application/Src/sysmem.o
 .debug_macro   0x00026772      0x23c ./Core/Application/Src/sysmem.o
 .debug_macro   0x000269ae       0xe0 ./Core/Application/Src/system_stm32l4xx.o
 .debug_macro   0x00026a8e      0x1f7 ./Core/Peripherals/ADC/adc.o
 .debug_macro   0x00026c85      0x1f7 ./Core/Peripherals/GPIO/gpio.o
 .debug_macro   0x00026e7c      0x1f7 ./Core/Peripherals/I2C/i2c.o
 .debug_macro   0x00027073      0x1f7 ./Core/Peripherals/UART/usart.o
 .debug_macro   0x0002726a      0x30e ./Core/SSD1306/Src/ssd1306.o
 .debug_macro   0x00027578       0x2e ./Core/SSD1306/Src/ssd1306.o
 .debug_macro   0x000275a6      0x19b ./Core/SSD1306/Src/ssd1306.o
 .debug_macro   0x00027741       0x16 ./Core/SSD1306/Src/ssd1306.o
 .debug_macro   0x00027757      0x239 ./Core/SSD1306/Src/ssd1306_fonts.o
 .debug_macro   0x00027990      0x231 ./Drivers/STM32L4xx_HAL_Driver/Src/stm32l4xx_hal.o
 .debug_macro   0x00027bc1      0x200 ./Drivers/STM32L4xx_HAL_Driver/Src/stm32l4xx_hal_adc.o
 .debug_macro   0x00027dc1      0x1ef ./Drivers/STM32L4xx_HAL_Driver/Src/stm32l4xx_hal_adc_ex.o
 .debug_macro   0x00027fb0      0x1e3 ./Drivers/STM32L4xx_HAL_Driver/Src/stm32l4xx_hal_cortex.o
 .debug_macro   0x00028193      0x1e3 ./Drivers/STM32L4xx_HAL_Driver/Src/stm32l4xx_hal_dma.o
 .debug_macro   0x00028376      0x1ea ./Drivers/STM32L4xx_HAL_Driver/Src/stm32l4xx_hal_gpio.o
 .debug_macro   0x00028560      0x2af ./Drivers/STM32L4xx_HAL_Driver/Src/stm32l4xx_hal_i2c.o
 .debug_macro   0x0002880f      0x1e3 ./Drivers/STM32L4xx_HAL_Driver/Src/stm32l4xx_hal_i2c_ex.o
 .debug_macro   0x000289f2      0x207 ./Drivers/STM32L4xx_HAL_Driver/Src/stm32l4xx_hal_pwr_ex.o
 .debug_macro   0x00028bf9      0x225 ./Drivers/STM32L4xx_HAL_Driver/Src/stm32l4xx_hal_rcc.o
 .debug_macro   0x00028e1e      0x219 ./Drivers/STM32L4xx_HAL_Driver/Src/stm32l4xx_hal_rcc_ex.o
 .debug_macro   0x00029037      0x20e ./Drivers/STM32L4xx_HAL_Driver/Src/stm32l4xx_hal_uart.o
 .debug_macro   0x00029245      0x1e3 ./Drivers/STM32L4xx_HAL_Driver/Src/stm32l4xx_hal_uart_ex.o

.debug_line     0x00000000    0x1b91f
 .debug_line    0x00000000      0xa50 ./Core/7SegDisplay/Src/7seg.o
 .debug_line    0x00000a50      0xfd6 ./Core/Application/Src/main.o
 .debug_line    0x00001a26      0x949 ./Core/Application/Src/stm32l4xx_hal_msp.o
 .debug_line    0x0000236f      0xa9c ./Core/Application/Src/stm32l4xx_it.o
 .debug_line    0x00002e0b      0x58f ./Core/Application/Src/sysmem.o
 .debug_line    0x0000339a      0x643 ./Core/Application/Src/system_stm32l4xx.o
 .debug_line    0x000039dd      0xa0b ./Core/Peripherals/ADC/adc.o
 .debug_line    0x000043e8      0x982 ./Core/Peripherals/GPIO/gpio.o
 .debug_line    0x00004d6a      0x9d9 ./Core/Peripherals/I2C/i2c.o
 .debug_line    0x00005743      0xad2 ./Core/Peripherals/UART/usart.o
 .debug_line    0x00006215     0x13f8 ./Core/SSD1306/Src/ssd1306.o
 .debug_line    0x0000760d      0xaac ./Core/SSD1306/Src/ssd1306_fonts.o
 .debug_line    0x000080b9       0x7a ./Core/Startup/startup_stm32l476rgtx.o
 .debug_line    0x00008133      0xd32 ./Drivers/STM32L4xx_HAL_Driver/Src/stm32l4xx_hal.o
 .debug_line    0x00008e65     0x214b ./Drivers/STM32L4xx_HAL_Driver/Src/stm32l4xx_hal_adc.o
 .debug_line    0x0000afb0     0x1b58 ./Drivers/STM32L4xx_HAL_Driver/Src/stm32l4xx_hal_adc_ex.o
 .debug_line    0x0000cb08      0xefb ./Drivers/STM32L4xx_HAL_Driver/Src/stm32l4xx_hal_cortex.o
 .debug_line    0x0000da03      0xf37 ./Drivers/STM32L4xx_HAL_Driver/Src/stm32l4xx_hal_dma.o
 .debug_line    0x0000e93a      0xdbe ./Drivers/STM32L4xx_HAL_Driver/Src/stm32l4xx_hal_gpio.o
 .debug_line    0x0000f6f8     0x3c65 ./Drivers/STM32L4xx_HAL_Driver/Src/stm32l4xx_hal_i2c.o
 .debug_line    0x0001335d      0xb5a ./Drivers/STM32L4xx_HAL_Driver/Src/stm32l4xx_hal_i2c_ex.o
 .debug_line    0x00013eb7      0xf24 ./Drivers/STM32L4xx_HAL_Driver/Src/stm32l4xx_hal_pwr_ex.o
 .debug_line    0x00014ddb     0x11ab ./Drivers/STM32L4xx_HAL_Driver/Src/stm32l4xx_hal_rcc.o
 .debug_line    0x00015f86     0x171d ./Drivers/STM32L4xx_HAL_Driver/Src/stm32l4xx_hal_rcc_ex.o
 .debug_line    0x000176a3     0x3444 ./Drivers/STM32L4xx_HAL_Driver/Src/stm32l4xx_hal_uart.o
 .debug_line    0x0001aae7      0xe38 ./Drivers/STM32L4xx_HAL_Driver/Src/stm32l4xx_hal_uart_ex.o

.debug_str      0x00000000    0xfef43
 .debug_str     0x00000000    0xf49f7 ./Core/7SegDisplay/Src/7seg.o
                              0xf4ec1 (size before relaxing)
 .debug_str     0x000f49f7     0x41dd ./Core/Application/Src/main.o
                              0xf917f (size before relaxing)
 .debug_str     0x000f8bd4      0x13d ./Core/Application/Src/stm32l4xx_hal_msp.o
                              0xf4e15 (size before relaxing)
 .debug_str     0x000f8d11      0x172 ./Core/Application/Src/stm32l4xx_it.o
                              0xf5514 (size before relaxing)
 .debug_str     0x000f8e83      0x4e8 ./Core/Application/Src/sysmem.o
                               0x60d1 (size before relaxing)
 .debug_str     0x000f936b      0x138 ./Core/Application/Src/system_stm32l4xx.o
                              0x9eb6d (size before relaxing)
 .debug_str     0x000f94a3      0x830 ./Core/Peripherals/ADC/adc.o
                              0xf5c27 (size before relaxing)
 .debug_str     0x000f9cd3       0x20 ./Core/Peripherals/GPIO/gpio.o
                              0xf53f9 (size before relaxing)
 .debug_str     0x000f9cf3      0x26e ./Core/Peripherals/I2C/i2c.o
                              0xf5698 (size before relaxing)
 .debug_str     0x000f9f61       0x5e ./Core/Peripherals/UART/usart.o
                              0xf5b67 (size before relaxing)
 .debug_str     0x000f9fbf      0xcb4 ./Core/SSD1306/Src/ssd1306.o
                              0xf939b (size before relaxing)
 .debug_str     0x000fac73       0x92 ./Core/SSD1306/Src/ssd1306_fonts.o
                              0xf52f4 (size before relaxing)
 .debug_str     0x000fad05       0x44 ./Core/Startup/startup_stm32l476rgtx.o
                                 0x9f (size before relaxing)
 .debug_str     0x000fad49      0x63a ./Drivers/STM32L4xx_HAL_Driver/Src/stm32l4xx_hal.o
                              0xf5a63 (size before relaxing)
 .debug_str     0x000fb383      0xa3a ./Drivers/STM32L4xx_HAL_Driver/Src/stm32l4xx_hal_adc.o