../Core/Application/Src/main.c:122:18:Login_Write	16	static
../Core/Application/Src/main.c:129:6:HAL_DisplayNumber	24	static
../Core/Application/Src/main.c:176:5:main	8	static
../Core/Application/Src/main.c:252:6:SystemClock_Config	96	static
../Core/Application/Src/main.c:299:6:HAL_GPIO_EXTI_Callback	16	static
../Core/Application/Src/main.c:314:6:HAL_ADC_ConvCpltCallback	56	static
../Core/Application/Src/main.c:362:6:HAL_UART_RxCpltCallback	16	static
../Core/Application/Src/main.c:384:6:Error_Handler	8	static,ignoring_inline_asm
