../Core/Application/Src/stm32l4xx_it.c:73:6:NMI_Handler	4	static
../Core/Application/Src/stm32l4xx_it.c:88:6:HardFault_Handler	4	static
../Core/Application/Src/stm32l4xx_it.c:103:6:MemManage_Handler	4	static
../Core/Application/Src/stm32l4xx_it.c:118:6:BusFault_Handler	4	static
../Core/Application/Src/stm32l4xx_it.c:133:6:UsageFault_Handler	4	static
../Core/Application/Src/stm32l4xx_it.c:148:6:SVC_Handler	4	static
../Core/Application/Src/stm32l4xx_it.c:161:6:DebugMon_Handler	4	static
../Core/Application/Src/stm32l4xx_it.c:174:6:PendSV_Handler	4	static
../Core/Application/Src/stm32l4xx_it.c:187:6:SysTick_Handler	8	static
../Core/Application/Src/stm32l4xx_it.c:209:6:ADC1_2_IRQHandler	8	static
../Core/Application/Src/stm32l4xx_it.c:223:6:I2C2_EV_IRQHandler	8	static
../Core/Application/Src/stm32l4xx_it.c:237:6:USART2_IRQHandler	8	static
../Core/Application/Src/stm32l4xx_it.c:251:6:USART3_IRQHandler	8	static
../Core/Application/Src/stm32l4xx_it.c:266:6:UART4_IRQHandler	8	static
../Core/Application/Src/stm32l4xx_it.c:277:6:EXTI15_10_IRQHandler	8	static
