../Core/ssd_1306/Src/ssd1306.c:10:6:ssd1306_Reset	4	static
../Core/ssd_1306/Src/ssd1306.c:15:6:ssd1306_WriteCommand	32	static
../Core/ssd_1306/Src/ssd1306.c:20:6:ssd1306_WriteData	32	static
../Core/ssd_1306/Src/ssd1306.c:65:17:ssd1306_FillBuffer	24	static
../Core/ssd_1306/Src/ssd1306.c:75:13:ssd1306_Init	8	static
../Core/ssd_1306/Src/ssd1306.c:180:6:ssd1306_Fill	16	static
../Core/ssd_1306/Src/ssd1306.c:185:21:ssd1306_UpdateScreen	16	static
../Core/ssd_1306/Src/ssd1306.c:207:6:ssd1306_DrawPixel	16	static
../Core/ssd_1306/Src/ssd1306.c:227:6:ssd1306_WriteChar	48	static
../Core/ssd_1306/Src/ssd1306.c:262:6:ssd1306_WriteString	32	static
../Core/ssd_1306/Src/ssd1306.c:276:18:ssd1306_SetCursor	16	static
../Core/ssd_1306/Src/ssd1306.c:283:6:ssd1306_Line	48	static
../Core/ssd_1306/Src/ssd1306.c:310:6:ssd1306_Polyline	40	static
../Core/ssd_1306/Src/ssd1306.c:324:14:ssd1306_DegToRad	16	static
../Core/ssd_1306/Src/ssd1306.c:329:17:ssd1306_NormalizeTo0_360	24	static
../Core/ssd_1306/Src/ssd1306.c:345:6:ssd1306_DrawArc	64	static
../Core/ssd_1306/Src/ssd1306.c:385:6:ssd1306_DrawArcWithRadiusLine	72	static
../Core/ssd_1306/Src/ssd1306.c:428:6:ssd1306_DrawCircle	40	static
../Core/ssd_1306/Src/ssd1306.c:463:6:ssd1306_FillCircle	48	static
../Core/ssd_1306/Src/ssd1306.c:499:6:ssd1306_DrawRectangle	32	static
../Core/ssd_1306/Src/ssd1306.c:509:6:ssd1306_FillRectangle	32	static
../Core/ssd_1306/Src/ssd1306.c:523:17:ssd1306_InvertRectangle	32	static
../Core/ssd_1306/Src/ssd1306.c:554:6:ssd1306_DrawBitmap	24	static
../Core/ssd_1306/Src/ssd1306.c:578:6:ssd1306_SetContrast	24	static
../Core/ssd_1306/Src/ssd1306.c:584:6:ssd1306_SetDisplayOn	24	static
../Core/ssd_1306/Src/ssd1306.c:596:9:ssd1306_GetDisplayOn	4	static
