13:37:14 **** Incremental Build of configuration Debug for project Bridge_connection ****
make -j16 all 
arm-none-eabi-gcc "../Core/Application/Src/main.c" -mcpu=cortex-m4 -std=gnu11 -g3 -c -I"C:/Users/frado/Desktop/IRS2_2024-2025/Nucleo_L4/STM32CubeL4-master/Bridge_connection/Core" -I"C:/Users/frado/Desktop/IRS2_2024-2025/Nucleo_L4/STM32CubeL4-master/Bridge_connection/Core/Startup" -I"C:/Users/frado/Desktop/IRS2_2024-2025/Nucleo_L4/STM32CubeL4-master/Bridge_connection/Drivers/CMSIS/Device/ST/STM32L4xx/Include" -I"C:/Users/frado/Desktop/IRS2_2024-2025/Nucleo_L4/STM32CubeL4-master/Bridge_connection/Drivers/CMSIS" -I"C:/Users/frado/Desktop/IRS2_2024-2025/Nucleo_L4/STM32CubeL4-master/Bridge_connection/Core/Peripherals/ADC" -I"C:/Users/frado/Desktop/IRS2_2024-2025/Nucleo_L4/STM32CubeL4-master/Bridge_connection/Core/Peripherals/I2C" -I"C:/Users/frado/Desktop/IRS2_2024-2025/Nucleo_L4/STM32CubeL4-master/Bridge_connection/Core/Peripherals/UART" -I"C:/Users/frado/Desktop/IRS2_2024-2025/Nucleo_L4/STM32CubeL4-master/Bridge_connection/Core/Peripherals/GPIO" -I"C:/Users/frado/Desktop/IRS2_2024-2025/Nucleo_L4/STM32CubeL4-master/Bridge_connection/Core/SSD1306/Inc" -I"C:/Users/frado/Desktop/IRS2_2024-2025/Nucleo_L4/STM32CubeL4-master/Bridge_connection/Drivers/CMSIS/Include" -I"C:/Users/frado/Desktop/IRS2_2024-2025/Nucleo_L4/STM32CubeL4-master/Bridge_connection/Core/Application/Inc" -I"C:/Users/frado/Desktop/IRS2_2024-2025/Nucleo_L4/STM32CubeL4-master/Bridge_connection/Drivers/STM32L4xx_HAL_Driver/Inc" -I"C:/Users/frado/Desktop/IRS2_2024-2025/Nucleo_L4/STM32CubeL4-master/Bridge_connection/Core/7SegDisplay/Inc" -O0 -ffunction-sections -fdata-sections -Wall -fstack-usage -fcyclomatic-complexity -MMD -MP -MF"Core/Application/Src/main.d" -MT"Core/Application/Src/main.o" --specs=nano.specs -mfpu=fpv4-sp-d16 -mfloat-abi=hard -mthumb -o "Core/Application/Src/main.o"
../Core/Application/Src/main.c: In function 'HAL_ADC_ConvCpltCallback':
../Core/Application/Src/main.c:323:9: warning: implicit declaration of function 'sprintf' [-Wimplicit-function-declaration]
  323 |         sprintf(temp_str, "Temp: %d C", value.temperature); // @suppress("Float formatting support")
      |         ^~~~~~~
../Core/Application/Src/main.c:33:1: note: include '<stdio.h>' or provide a declaration of 'sprintf'
   32 | #include "7seg.h"
  +++ |+#include <stdio.h>
   33 | 
../Core/Application/Src/main.c:323:9: warning: incompatible implicit declaration of built-in function 'sprintf' [-Wbuiltin-declaration-mismatch]
  323 |         sprintf(temp_str, "Temp: %d C", value.temperature); // @suppress("Float formatting support")
      |         ^~~~~~~
../Core/Application/Src/main.c:323:9: note: include '<stdio.h>' or provide a declaration of 'sprintf'
../Core/Application/Src/main.c: In function 'Error_Handler':
../Core/Application/Src/main.c:410:12: warning: suggest parentheses around assignment used as truth value [-Wparentheses]
  410 |   else if (uart_error_status = UART4_ERROR || logging == LOGGING_ERROR){
      |            ^~~~~~~~~~~~~~~~~
arm-none-eabi-gcc -o "Bridge_connection.elf" @"objects.list"   -mcpu=cortex-m4 -T"C:\Users\frado\Desktop\IRS2_2024-2025\Nucleo_L4\STM32CubeL4-master\Bridge_connection\STM32L476RGTX_FLASH.ld" --specs=nosys.specs -Wl,-Map="Bridge_connection.map" -Wl,--gc-sections -static --specs=nano.specs -mfpu=fpv4-sp-d16 -mfloat-abi=hard -mthumb -Wl,--start-group -lc -lm -Wl,--end-group
Finished building target: Bridge_connection.elf
 
arm-none-eabi-size  Bridge_connection.elf 
arm-none-eabi-objdump -h -S Bridge_connection.elf  > "Bridge_connection.list"
   text	   data	    bss	    dec	    hex	filename
  37064	    104	   3576	  40744	   9f28	Bridge_connection.elf
Finished building: default.size.stdout
 
Finished building: Bridge_connection.list
 
13:37:30 **** Incremental Build of configuration Debug for project Bridge_connection ****
make -j16 all 
arm-none-eabi-size  Bridge_connection.elf 
   text	   data	    bss	    dec	    hex	filename
  37064	    104	   3576	  40744	   9f28	Bridge_connection.elf
Finished building: default.size.stdout
 
13:38:16 **** Incremental Build of configuration Debug for project Bridge_connection ****
make -j16 all 
arm-none-eabi-gcc "../Core/Application/Src/main.c" -mcpu=cortex-m4 -std=gnu11 -g3 -c -I"C:/Users/frado/Desktop/IRS2_2024-2025/Nucleo_L4/STM32CubeL4-master/Bridge_connection/Core" -I"C:/Users/frado/Desktop/IRS2_2024-2025/Nucleo_L4/STM32CubeL4-master/Bridge_connection/Core/Startup" -I"C:/Users/frado/Desktop/IRS2_2024-2025/Nucleo_L4/STM32CubeL4-master/Bridge_connection/Drivers/CMSIS/Device/ST/STM32L4xx/Include" -I"C:/Users/frado/Desktop/IRS2_2024-2025/Nucleo_L4/STM32CubeL4-master/Bridge_connection/Drivers/CMSIS" -I"C:/Users/frado/Desktop/IRS2_2024-2025/Nucleo_L4/STM32CubeL4-master/Bridge_connection/Core/Peripherals/ADC" -I"C:/Users/frado/Desktop/IRS2_2024-2025/Nucleo_L4/STM32CubeL4-master/Bridge_connection/Core/Peripherals/I2C" -I"C:/Users/frado/Desktop/IRS2_2024-2025/Nucleo_L4/STM32CubeL4-master/Bridge_connection/Core/Peripherals/UART" -I"C:/Users/frado/Desktop/IRS2_2024-2025/Nucleo_L4/STM32CubeL4-master/Bridge_connection/Core/Peripherals/GPIO" -I"C:/Users/frado/Desktop/IRS2_2024-2025/Nucleo_L4/STM32CubeL4-master/Bridge_connection/Core/SSD1306/Inc" -I"C:/Users/frado/Desktop/IRS2_2024-2025/Nucleo_L4/STM32CubeL4-master/Bridge_connection/Drivers/CMSIS/Include" -I"C:/Users/frado/Desktop/IRS2_2024-2025/Nucleo_L4/STM32CubeL4-master/Bridge_connection/Core/Application/Inc" -I"C:/Users/frado/Desktop/IRS2_2024-2025/Nucleo_L4/STM32CubeL4-master/Bridge_connection/Drivers/STM32L4xx_HAL_Driver/Inc" -I"C:/Users/frado/Desktop/IRS2_2024-2025/Nucleo_L4/STM32CubeL4-master/Bridge_connection/Core/7SegDisplay/Inc" -O0 -ffunction-sections -fdata-sections -Wall -fstack-usage -fcyclomatic-complexity -MMD -MP -MF"Core/Application/Src/main.d" -MT"Core/Application/Src/main.o" --specs=nano.specs -mfpu=fpv4-sp-d16 -mfloat-abi=hard -mthumb -o "Core/Application/Src/main.o"
../Core/Application/Src/main.c: In function 'HAL_ADC_ConvCpltCallback':
../Core/Application/Src/main.c:323:9: warning: implicit declaration of function 'sprintf' [-Wimplicit-function-declaration]
  323 |         sprintf(temp_str, "Temp: %d C", value.temperature); // @suppress("Float formatting support")
      |         ^~~~~~~
../Core/Application/Src/main.c:33:1: note: include '<stdio.h>' or provide a declaration of 'sprintf'
   32 | #include "7seg.h"
  +++ |+#include <stdio.h>
   33 | 
../Core/Application/Src/main.c:323:9: warning: incompatible implicit declaration of built-in function 'sprintf' [-Wbuiltin-declaration-mismatch]
  323 |         sprintf(temp_str, "Temp: %d C", value.temperature); // @suppress("Float formatting support")
      |         ^~~~~~~
../Core/Application/Src/main.c:323:9: note: include '<stdio.h>' or provide a declaration of 'sprintf'
../Core/Application/Src/main.c: In function 'Error_Handler':
../Core/Application/Src/main.c:410:12: warning: suggest parentheses around assignment used as truth value [-Wparentheses]
  410 |   else if (uart_error_status = UART4_ERROR || logging == LOGGING_ERROR){
      |            ^~~~~~~~~~~~~~~~~
arm-none-eabi-gcc -o "Bridge_connection.elf" @"objects.list"   -mcpu=cortex-m4 -T"C:\Users\frado\Desktop\IRS2_2024-2025\Nucleo_L4\STM32CubeL4-master\Bridge_connection\STM32L476RGTX_FLASH.ld" --specs=nosys.specs -Wl,-Map="Bridge_connection.map" -Wl,--gc-sections -static --specs=nano.specs -mfpu=fpv4-sp-d16 -mfloat-abi=hard -mthumb -Wl,--start-group -lc -lm -Wl,--end-group
Finished building target: Bridge_connection.elf
 
arm-none-eabi-size  Bridge_connection.elf 
arm-none-eabi-objdump -h -S Bridge_connection.elf  > "Bridge_connection.list"
   text	   data	    bss	    dec	    hex	filename
  37064	    104	   3576	  40744	   9f28	Bridge_connection.elf
Finished building: default.size.stdout
 
Finished building: Bridge_connection.list
 
